-- Journal begins at Tue 2018-11-20 14:32:12 IST, ends at Thu 2021-03-11 09:41:50 IST. --
Nov 20 14:32:12 saitama kernel: microcode: microcode updated early to revision 0x8e, date = 2018-03-24
Nov 20 14:32:12 saitama kernel: Linux version 4.19.0-3-MANJARO (builduser@development) (gcc version 8.2.1 20180831 (GCC)) #1 SMP PREEMPT Sat Oct 27 22:40:22 UTC 2018
Nov 20 14:32:12 saitama kernel: Command line: BOOT_IMAGE=/boot/vmlinuz-4.19-x86_64 root=UUID=1fe5177c-894e-4bd0-8401-0d902bf49f6d rw quiet resume=UUID=d0b55d6c-7491-40e4-a198-9dd619ba7dc2
Nov 20 14:32:12 saitama kernel: KERNEL supported cpus:
Nov 20 14:32:12 saitama kernel:   Intel GenuineIntel
Nov 20 14:32:12 saitama kernel:   AMD AuthenticAMD
Nov 20 14:32:12 saitama kernel:   Centaur CentaurHauls
Nov 20 14:32:12 saitama kernel: x86/fpu: Supporting XSAVE feature 0x001: 'x87 floating point registers'
Nov 20 14:32:12 saitama kernel: x86/fpu: Supporting XSAVE feature 0x002: 'SSE registers'
Nov 20 14:32:12 saitama kernel: x86/fpu: Supporting XSAVE feature 0x004: 'AVX registers'
Nov 20 14:32:12 saitama kernel: x86/fpu: Supporting XSAVE feature 0x008: 'MPX bounds registers'
Nov 20 14:32:12 saitama kernel: x86/fpu: Supporting XSAVE feature 0x010: 'MPX CSR'
Nov 20 14:32:12 saitama kernel: x86/fpu: xstate_offset[2]:  576, xstate_sizes[2]:  256
Nov 20 14:32:12 saitama kernel: x86/fpu: xstate_offset[3]:  832, xstate_sizes[3]:   64
Nov 20 14:32:12 saitama kernel: x86/fpu: xstate_offset[4]:  896, xstate_sizes[4]:   64
Nov 20 14:32:12 saitama kernel: x86/fpu: Enabled xstate features 0x1f, context size is 960 bytes, using 'compacted' format.
Nov 20 14:32:12 saitama kernel: BIOS-provided physical RAM map:
Nov 20 14:32:12 saitama kernel: BIOS-e820: [mem 0x0000000000000000-0x0000000000057fff] usable
Nov 20 14:32:12 saitama kernel: BIOS-e820: [mem 0x0000000000058000-0x0000000000058fff] reserved
Nov 20 14:32:12 saitama kernel: BIOS-e820: [mem 0x0000000000059000-0x000000000008bfff] usable
Nov 20 14:32:12 saitama kernel: BIOS-e820: [mem 0x000000000008c000-0x00000000000fffff] reserved
Nov 20 14:32:12 saitama kernel: BIOS-e820: [mem 0x0000000000100000-0x00000000cfc55fff] usable
Nov 20 14:32:12 saitama kernel: BIOS-e820: [mem 0x00000000cfc56000-0x00000000cfc56fff] ACPI NVS
Nov 20 14:32:12 saitama kernel: BIOS-e820: [mem 0x00000000cfc57000-0x00000000cfc57fff] reserved
Nov 20 14:32:12 saitama kernel: BIOS-e820: [mem 0x00000000cfc58000-0x00000000d95b8fff] usable
Nov 20 14:32:12 saitama kernel: BIOS-e820: [mem 0x00000000d95b9000-0x00000000d9678fff] type 20
Nov 20 14:32:12 saitama kernel: BIOS-e820: [mem 0x00000000d9679000-0x00000000db352fff] reserved
Nov 20 14:32:12 saitama kernel: BIOS-e820: [mem 0x00000000db353000-0x00000000db4a2fff] ACPI NVS
Nov 20 14:32:12 saitama kernel: BIOS-e820: [mem 0x00000000db4a3000-0x00000000db4fefff] ACPI data
Nov 20 14:32:12 saitama kernel: BIOS-e820: [mem 0x00000000db4ff000-0x00000000db4fffff] usable
Nov 20 14:32:12 saitama kernel: BIOS-e820: [mem 0x00000000db500000-0x00000000df7fffff] reserved
Nov 20 14:32:12 saitama kernel: BIOS-e820: [mem 0x00000000f8000000-0x00000000fbffffff] reserved
Nov 20 14:32:12 saitama kernel: BIOS-e820: [mem 0x00000000fe010000-0x00000000fe010fff] reserved
Nov 20 14:32:12 saitama kernel: BIOS-e820: [mem 0x0000000100000000-0x000000081f7fffff] usable
Nov 20 14:32:12 saitama kernel: NX (Execute Disable) protection: active
Nov 20 14:32:12 saitama kernel: efi: EFI v2.50 by Lenovo
Nov 20 14:32:12 saitama kernel: efi:  SMBIOS=0xdae76000  SMBIOS 3.0=0xdae73000  ACPI=0xdb4fe000  ACPI 2.0=0xdb4fe014  MPS=0xdb2f8000  ESRT=0xda2e8000  MEMATTR=0xd4496018 
Nov 20 14:32:12 saitama kernel: SMBIOS 3.0.0 present.
Nov 20 14:32:12 saitama kernel: DMI: LENOVO 20J1S00V00/20J1S00V00, BIOS R0JET22W (1.07 ) 01/05/2017
Nov 20 14:32:12 saitama kernel: tsc: Detected 2900.000 MHz processor
Nov 20 14:32:12 saitama kernel: tsc: Detected 2904.000 MHz TSC
Nov 20 14:32:12 saitama kernel: [Firmware Bug]: TSC ADJUST: CPU0: -32602304 force to 0
Nov 20 14:32:12 saitama kernel: e820: update [mem 0x00000000-0x00000fff] usable ==> reserved
Nov 20 14:32:12 saitama kernel: e820: remove [mem 0x000a0000-0x000fffff] usable
Nov 20 14:32:12 saitama kernel: last_pfn = 0x81f800 max_arch_pfn = 0x400000000
Nov 20 14:32:12 saitama kernel: MTRR default type: write-back
Nov 20 14:32:12 saitama kernel: MTRR fixed ranges enabled:
Nov 20 14:32:12 saitama kernel:   00000-9FFFF write-back
Nov 20 14:32:12 saitama kernel:   A0000-BFFFF uncachable
Nov 20 14:32:12 saitama kernel:   C0000-FFFFF write-protect
Nov 20 14:32:12 saitama kernel: MTRR variable ranges enabled:
Nov 20 14:32:12 saitama kernel:   0 base 00E0000000 mask 7FE0000000 uncachable
Nov 20 14:32:12 saitama kernel:   1 base 00DE000000 mask 7FFE000000 uncachable
Nov 20 14:32:12 saitama kernel:   2 base 00DD000000 mask 7FFF000000 uncachable
Nov 20 14:32:12 saitama kernel:   3 disabled
Nov 20 14:32:12 saitama kernel:   4 disabled
Nov 20 14:32:12 saitama kernel:   5 disabled
Nov 20 14:32:12 saitama kernel:   6 disabled
Nov 20 14:32:12 saitama kernel:   7 disabled
Nov 20 14:32:12 saitama kernel:   8 disabled
Nov 20 14:32:12 saitama kernel:   9 disabled
Nov 20 14:32:12 saitama kernel: x86/PAT: Configuration [0-7]: WB  WC  UC- UC  WB  WP  UC- WT  
Nov 20 14:32:12 saitama kernel: last_pfn = 0xdb500 max_arch_pfn = 0x400000000
Nov 20 14:32:12 saitama kernel: esrt: Reserving ESRT space from 0x00000000da2e8000 to 0x00000000da2e8060.
Nov 20 14:32:12 saitama kernel: Scanning 1 areas for low memory corruption
Nov 20 14:32:12 saitama kernel: Base memory trampoline at [(____ptrval____)] 62000 size 24576
Nov 20 14:32:12 saitama kernel: Using GB pages for direct mapping
Nov 20 14:32:12 saitama kernel: BRK [0x4fd401000, 0x4fd401fff] PGTABLE
Nov 20 14:32:12 saitama kernel: BRK [0x4fd402000, 0x4fd402fff] PGTABLE
Nov 20 14:32:12 saitama kernel: BRK [0x4fd403000, 0x4fd403fff] PGTABLE
Nov 20 14:32:12 saitama kernel: BRK [0x4fd404000, 0x4fd404fff] PGTABLE
Nov 20 14:32:12 saitama kernel: BRK [0x4fd405000, 0x4fd405fff] PGTABLE
Nov 20 14:32:12 saitama kernel: BRK [0x4fd406000, 0x4fd406fff] PGTABLE
Nov 20 14:32:12 saitama kernel: BRK [0x4fd407000, 0x4fd407fff] PGTABLE
Nov 20 14:32:12 saitama kernel: BRK [0x4fd408000, 0x4fd408fff] PGTABLE
Nov 20 14:32:12 saitama kernel: BRK [0x4fd409000, 0x4fd409fff] PGTABLE
Nov 20 14:32:12 saitama kernel: Secure boot could not be determined
Nov 20 14:32:12 saitama kernel: RAMDISK: [mem 0x36d75000-0x376b1fff]
Nov 20 14:32:12 saitama kernel: ACPI: Early table checksum verification disabled
Nov 20 14:32:12 saitama kernel: ACPI: RSDP 0x00000000DB4FE014 000024 (v02 LENOVO)
Nov 20 14:32:12 saitama kernel: ACPI: XSDT 0x00000000DB4C3188 0000E4 (v01 LENOVO TP-R0J   00001070 PTEC 00000002)
Nov 20 14:32:12 saitama kernel: ACPI: FACP 0x00000000DB4F5000 0000F4 (v05 LENOVO TP-R0J   00001070 PTEC 00000002)
Nov 20 14:32:12 saitama kernel: ACPI: DSDT 0x00000000DB4D0000 0213E7 (v02 LENOVO SKL      00000000 INTL 20160422)
Nov 20 14:32:12 saitama kernel: ACPI: FACS 0x00000000DB472000 000040
Nov 20 14:32:12 saitama kernel: ACPI: SSDT 0x00000000DB4FC000 0003C6 (v02 LENOVO Tpm2Tabl 00001000 INTL 20160422)
Nov 20 14:32:12 saitama kernel: ACPI: TPM2 0x00000000DB4FB000 000034 (v03 LENOVO TP-R0J   00001070 PTEC 00000002)
Nov 20 14:32:12 saitama kernel: ACPI: UEFI 0x00000000DB488000 000042 (v01 LENOVO TP-R0J   00001070 PTEC 00000002)
Nov 20 14:32:12 saitama kernel: ACPI: SSDT 0x00000000DB4F7000 003269 (v02 LENOVO SaSsdt   00003000 INTL 20160422)
Nov 20 14:32:12 saitama kernel: ACPI: SSDT 0x00000000DB4F6000 0005B6 (v02 LENOVO PerfTune 00001000 INTL 20160422)
Nov 20 14:32:12 saitama kernel: ACPI: HPET 0x00000000DB4F4000 000038 (v01 LENOVO TP-R0J   00001070 PTEC 00000002)
Nov 20 14:32:12 saitama kernel: ACPI: APIC 0x00000000DB4F3000 0000BC (v03 LENOVO TP-R0J   00001070 PTEC 00000002)
Nov 20 14:32:12 saitama kernel: ACPI: MCFG 0x00000000DB4F2000 00003C (v01 LENOVO TP-R0J   00001070 PTEC 00000002)
Nov 20 14:32:12 saitama kernel: ACPI: SSDT 0x00000000DB4CF000 0001BC (v02 LENOVO Sata0Ide 00001000 INTL 20160422)
Nov 20 14:32:12 saitama kernel: ACPI: SSDT 0x00000000DB4CE000 000A1B (v02 LENOVO xh_rvp07 00000000 INTL 20160422)
Nov 20 14:32:12 saitama kernel: ACPI: BOOT 0x00000000DB4CD000 000028 (v01 LENOVO TP-R0J   00001070 PTEC 00000002)
Nov 20 14:32:12 saitama kernel: ACPI: BATB 0x00000000DB4CC000 00004A (v02 LENOVO TP-R0J   00001070 PTEC 00000002)
Nov 20 14:32:12 saitama kernel: ACPI: SSDT 0x00000000DB4CB000 000EDE (v02 LENOVO CpuSsdt  00003000 INTL 20160422)
Nov 20 14:32:12 saitama kernel: ACPI: SSDT 0x00000000DB4CA000 000553 (v02 LENOVO CtdpB    00001000 INTL 20160422)
Nov 20 14:32:12 saitama kernel: ACPI: SSDT 0x00000000DB4C9000 000C98 (v02 LENOVO UsbCTabl 00001000 INTL 20160422)
Nov 20 14:32:12 saitama kernel: ACPI: WSMT 0x00000000DB4C8000 000028 (v01 LENOVO TP-R0J   00001070 PTEC 00000002)
Nov 20 14:32:12 saitama kernel: ACPI: DBGP 0x00000000DB4C7000 000034 (v01 LENOVO TP-R0J   00001070 PTEC 00000002)
Nov 20 14:32:12 saitama kernel: ACPI: DBG2 0x00000000DB4C6000 000054 (v00 LENOVO TP-R0J   00001070 PTEC 00000002)
Nov 20 14:32:12 saitama kernel: ACPI: POAT 0x00000000DB4C5000 000055 (v03 LENOVO TP-R0J   00001070 PTEC 00000002)
Nov 20 14:32:12 saitama kernel: ACPI: DMAR 0x00000000DB4C4000 0000CC (v01 LENOVO TP-R0J   00001070 PTEC 00000002)
Nov 20 14:32:12 saitama kernel: ACPI: ASF! 0x00000000DB4FD000 0000A0 (v32 LENOVO TP-R0J   00001070 PTEC 00000002)
Nov 20 14:32:12 saitama kernel: ACPI: FPDT 0x00000000DB4C2000 000044 (v01 LENOVO TP-R0J   00001070 PTEC 00000002)
Nov 20 14:32:12 saitama kernel: ACPI: UEFI 0x00000000DB46F000 00012A (v01 LENOVO TP-R0J   00001070 PTEC 00000002)
Nov 20 14:32:12 saitama kernel: ACPI: Local APIC address 0xfee00000
Nov 20 14:32:12 saitama kernel: No NUMA configuration found
Nov 20 14:32:12 saitama kernel: Faking a node at [mem 0x0000000000000000-0x000000081f7fffff]
Nov 20 14:32:12 saitama kernel: NODE_DATA(0) allocated [mem 0x81f7fc000-0x81f7fffff]
Nov 20 14:32:12 saitama kernel: Zone ranges:
Nov 20 14:32:12 saitama kernel:   DMA      [mem 0x0000000000001000-0x0000000000ffffff]
Nov 20 14:32:12 saitama kernel:   DMA32    [mem 0x0000000001000000-0x00000000ffffffff]
Nov 20 14:32:12 saitama kernel:   Normal   [mem 0x0000000100000000-0x000000081f7fffff]
Nov 20 14:32:12 saitama kernel:   Device   empty
Nov 20 14:32:12 saitama kernel: Movable zone start for each node
Nov 20 14:32:12 saitama kernel: Early memory node ranges
Nov 20 14:32:12 saitama kernel:   node   0: [mem 0x0000000000001000-0x0000000000057fff]
Nov 20 14:32:12 saitama kernel:   node   0: [mem 0x0000000000059000-0x000000000008bfff]
Nov 20 14:32:12 saitama kernel:   node   0: [mem 0x0000000000100000-0x00000000cfc55fff]
Nov 20 14:32:12 saitama kernel:   node   0: [mem 0x00000000cfc58000-0x00000000d95b8fff]
Nov 20 14:32:12 saitama kernel:   node   0: [mem 0x00000000db4ff000-0x00000000db4fffff]
Nov 20 14:32:12 saitama kernel:   node   0: [mem 0x0000000100000000-0x000000081f7fffff]
Nov 20 14:32:12 saitama kernel: Reserved but unavailable: 27326 pages
Nov 20 14:32:12 saitama kernel: Initmem setup node 0 [mem 0x0000000000001000-0x000000081f7fffff]
Nov 20 14:32:12 saitama kernel: On node 0 totalpages: 8359234
Nov 20 14:32:12 saitama kernel:   DMA zone: 64 pages used for memmap
Nov 20 14:32:12 saitama kernel:   DMA zone: 72 pages reserved
Nov 20 14:32:12 saitama kernel:   DMA zone: 3978 pages, LIFO batch:0
Nov 20 14:32:12 saitama kernel:   DMA32 zone: 13847 pages used for memmap
Nov 20 14:32:12 saitama kernel:   DMA32 zone: 886200 pages, LIFO batch:63
Nov 20 14:32:12 saitama kernel:   Normal zone: 116704 pages used for memmap
Nov 20 14:32:12 saitama kernel:   Normal zone: 7469056 pages, LIFO batch:63
Nov 20 14:32:12 saitama kernel: Reserving Intel graphics memory at [mem 0xdd800000-0xdf7fffff]
Nov 20 14:32:12 saitama kernel: ACPI: PM-Timer IO Port: 0x1808
Nov 20 14:32:12 saitama kernel: ACPI: Local APIC address 0xfee00000
Nov 20 14:32:12 saitama kernel: ACPI: LAPIC_NMI (acpi_id[0x01] high edge lint[0x1])
Nov 20 14:32:12 saitama kernel: ACPI: LAPIC_NMI (acpi_id[0x02] high edge lint[0x1])
Nov 20 14:32:12 saitama kernel: ACPI: LAPIC_NMI (acpi_id[0x03] high edge lint[0x1])
Nov 20 14:32:12 saitama kernel: ACPI: LAPIC_NMI (acpi_id[0x04] high edge lint[0x1])
Nov 20 14:32:12 saitama kernel: ACPI: LAPIC_NMI (acpi_id[0x05] high edge lint[0x1])
Nov 20 14:32:12 saitama kernel: ACPI: LAPIC_NMI (acpi_id[0x06] high edge lint[0x1])
Nov 20 14:32:12 saitama kernel: ACPI: LAPIC_NMI (acpi_id[0x07] high edge lint[0x1])
Nov 20 14:32:12 saitama kernel: ACPI: LAPIC_NMI (acpi_id[0x08] high edge lint[0x1])
Nov 20 14:32:12 saitama kernel: IOAPIC[0]: apic_id 2, version 32, address 0xfec00000, GSI 0-119
Nov 20 14:32:12 saitama kernel: ACPI: INT_SRC_OVR (bus 0 bus_irq 0 global_irq 2 dfl dfl)
Nov 20 14:32:12 saitama kernel: ACPI: INT_SRC_OVR (bus 0 bus_irq 9 global_irq 9 high level)
Nov 20 14:32:12 saitama kernel: ACPI: IRQ0 used by override.
Nov 20 14:32:12 saitama kernel: ACPI: IRQ9 used by override.
Nov 20 14:32:12 saitama kernel: Using ACPI (MADT) for SMP configuration information
Nov 20 14:32:12 saitama kernel: ACPI: HPET id: 0x8086a201 base: 0xfed00000
Nov 20 14:32:12 saitama kernel: smpboot: Allowing 4 CPUs, 0 hotplug CPUs
Nov 20 14:32:12 saitama kernel: PM: Registered nosave memory: [mem 0x00000000-0x00000fff]
Nov 20 14:32:12 saitama kernel: PM: Registered nosave memory: [mem 0x00058000-0x00058fff]
Nov 20 14:32:12 saitama kernel: PM: Registered nosave memory: [mem 0x0008c000-0x000fffff]
Nov 20 14:32:12 saitama kernel: PM: Registered nosave memory: [mem 0xcfc56000-0xcfc56fff]
Nov 20 14:32:12 saitama kernel: PM: Registered nosave memory: [mem 0xcfc57000-0xcfc57fff]
Nov 20 14:32:12 saitama kernel: PM: Registered nosave memory: [mem 0xd95b9000-0xd9678fff]
Nov 20 14:32:12 saitama kernel: PM: Registered nosave memory: [mem 0xd9679000-0xdb352fff]
Nov 20 14:32:12 saitama kernel: PM: Registered nosave memory: [mem 0xdb353000-0xdb4a2fff]
Nov 20 14:32:12 saitama kernel: PM: Registered nosave memory: [mem 0xdb4a3000-0xdb4fefff]
Nov 20 14:32:12 saitama kernel: PM: Registered nosave memory: [mem 0xdb500000-0xdf7fffff]
Nov 20 14:32:12 saitama kernel: PM: Registered nosave memory: [mem 0xdf800000-0xf7ffffff]
Nov 20 14:32:12 saitama kernel: PM: Registered nosave memory: [mem 0xf8000000-0xfbffffff]
Nov 20 14:32:12 saitama kernel: PM: Registered nosave memory: [mem 0xfc000000-0xfe00ffff]
Nov 20 14:32:12 saitama kernel: PM: Registered nosave memory: [mem 0xfe010000-0xfe010fff]
Nov 20 14:32:12 saitama kernel: PM: Registered nosave memory: [mem 0xfe011000-0xffffffff]
Nov 20 14:32:12 saitama kernel: [mem 0xdf800000-0xf7ffffff] available for PCI devices
Nov 20 14:32:12 saitama kernel: Booting paravirtualized kernel on bare hardware
Nov 20 14:32:12 saitama kernel: clocksource: refined-jiffies: mask: 0xffffffff max_cycles: 0xffffffff, max_idle_ns: 6370452778343963 ns
Nov 20 14:32:12 saitama kernel: random: get_random_bytes called from start_kernel+0x95/0x53a with crng_init=0
Nov 20 14:32:12 saitama kernel: setup_percpu: NR_CPUS:320 nr_cpumask_bits:320 nr_cpu_ids:4 nr_node_ids:1
Nov 20 14:32:12 saitama kernel: percpu: Embedded 46 pages/cpu @(____ptrval____) s151552 r8192 d28672 u524288
Nov 20 14:32:12 saitama kernel: pcpu-alloc: s151552 r8192 d28672 u524288 alloc=1*2097152
Nov 20 14:32:12 saitama kernel: pcpu-alloc: [0] 0 1 2 3 
Nov 20 14:32:12 saitama kernel: Built 1 zonelists, mobility grouping on.  Total pages: 8228547
Nov 20 14:32:12 saitama kernel: Policy zone: Normal
Nov 20 14:32:12 saitama kernel: Kernel command line: BOOT_IMAGE=/boot/vmlinuz-4.19-x86_64 root=UUID=1fe5177c-894e-4bd0-8401-0d902bf49f6d rw quiet resume=UUID=d0b55d6c-7491-40e4-a198-9dd619ba7dc2
Nov 20 14:32:12 saitama kernel: Calgary: detecting Calgary via BIOS EBDA area
Nov 20 14:32:12 saitama kernel: Calgary: Unable to locate Rio Grande table in EBDA - bailing!
Nov 20 14:32:12 saitama kernel: Memory: 32720300K/33436936K available (12300K kernel code, 1379K rwdata, 3628K rodata, 1520K init, 3864K bss, 716636K reserved, 0K cma-reserved)
Nov 20 14:32:12 saitama kernel: SLUB: HWalign=64, Order=0-3, MinObjects=0, CPUs=4, Nodes=1
Nov 20 14:32:12 saitama kernel: Kernel/User page tables isolation: enabled
Nov 20 14:32:12 saitama kernel: ftrace: allocating 35912 entries in 141 pages
Nov 20 14:32:12 saitama kernel: rcu: Preemptible hierarchical RCU implementation.
Nov 20 14:32:12 saitama kernel: rcu:         CONFIG_RCU_FANOUT set to non-default value of 32.
Nov 20 14:32:12 saitama kernel: rcu:         RCU dyntick-idle grace-period acceleration is enabled.
Nov 20 14:32:12 saitama kernel: rcu:         RCU restricting CPUs from NR_CPUS=320 to nr_cpu_ids=4.
Nov 20 14:32:12 saitama kernel: rcu:         RCU priority boosting: priority 1 delay 500 ms.
Nov 20 14:32:12 saitama kernel:         Tasks RCU enabled.
Nov 20 14:32:12 saitama kernel: rcu: Adjusting geometry for rcu_fanout_leaf=16, nr_cpu_ids=4
Nov 20 14:32:12 saitama kernel: NR_IRQS: 20736, nr_irqs: 1024, preallocated irqs: 16
Nov 20 14:32:12 saitama kernel: rcu:         Offload RCU callbacks from CPUs: (none).
Nov 20 14:32:12 saitama kernel: Console: colour dummy device 80x25
Nov 20 14:32:12 saitama kernel: console [tty0] enabled
Nov 20 14:32:12 saitama kernel: ACPI: Core revision 20180810
Nov 20 14:32:12 saitama kernel: clocksource: hpet: mask: 0xffffffff max_cycles: 0xffffffff, max_idle_ns: 79635855245 ns
Nov 20 14:32:12 saitama kernel: hpet clockevent registered
Nov 20 14:32:12 saitama kernel: APIC: Switch to symmetric I/O mode setup
Nov 20 14:32:12 saitama kernel: DMAR: Host address width 39
Nov 20 14:32:12 saitama kernel: DMAR: DRHD base: 0x000000fed90000 flags: 0x0
Nov 20 14:32:12 saitama kernel: DMAR: dmar0: reg_base_addr fed90000 ver 1:0 cap 1c0000c40660462 ecap 19e2ff0505e
Nov 20 14:32:12 saitama kernel: DMAR: DRHD base: 0x000000fed91000 flags: 0x1
Nov 20 14:32:12 saitama kernel: DMAR: dmar1: reg_base_addr fed91000 ver 1:0 cap d2008c40660462 ecap f050da
Nov 20 14:32:12 saitama kernel: DMAR: RMRR base: 0x000000db2fb000 end: 0x000000db31afff
Nov 20 14:32:12 saitama kernel: DMAR: RMRR base: 0x000000dd000000 end: 0x000000df7fffff
Nov 20 14:32:12 saitama kernel: DMAR: ANDD device: 1 name: \_SB.PCI0.I2C0
Nov 20 14:32:12 saitama kernel: DMAR-IR: IOAPIC id 2 under DRHD base  0xfed91000 IOMMU 1
Nov 20 14:32:12 saitama kernel: DMAR-IR: HPET id 0 under DRHD base 0xfed91000
Nov 20 14:32:12 saitama kernel: DMAR-IR: Queued invalidation will be enabled to support x2apic and Intr-remapping.
Nov 20 14:32:12 saitama kernel: DMAR-IR: Enabled IRQ remapping in x2apic mode
Nov 20 14:32:12 saitama kernel: x2apic enabled
Nov 20 14:32:12 saitama kernel: Switched APIC routing to cluster x2apic.
Nov 20 14:32:12 saitama kernel: ..TIMER: vector=0x30 apic1=0 pin1=2 apic2=-1 pin2=-1
Nov 20 14:32:12 saitama kernel: clocksource: tsc-early: mask: 0xffffffffffffffff max_cycles: 0x29dc05e54fc, max_idle_ns: 440795291716 ns
Nov 20 14:32:12 saitama kernel: Calibrating delay loop (skipped), value calculated using timer frequency.. 5810.00 BogoMIPS (lpj=9680000)
Nov 20 14:32:12 saitama kernel: pid_max: default: 32768 minimum: 301
Nov 20 14:32:12 saitama kernel: Security Framework initialized
Nov 20 14:32:12 saitama kernel: Yama: becoming mindful.
Nov 20 14:32:12 saitama kernel: AppArmor: AppArmor disabled by boot time parameter
Nov 20 14:32:12 saitama kernel: Dentry cache hash table entries: 4194304 (order: 13, 33554432 bytes)
Nov 20 14:32:12 saitama kernel: Inode-cache hash table entries: 2097152 (order: 12, 16777216 bytes)
Nov 20 14:32:12 saitama kernel: Mount-cache hash table entries: 65536 (order: 7, 524288 bytes)
Nov 20 14:32:12 saitama kernel: Mountpoint-cache hash table entries: 65536 (order: 7, 524288 bytes)
Nov 20 14:32:12 saitama kernel: ENERGY_PERF_BIAS: Set to 'normal', was 'performance'
Nov 20 14:32:12 saitama kernel: ENERGY_PERF_BIAS: View and update with x86_energy_perf_policy(8)
Nov 20 14:32:12 saitama kernel: mce: CPU supports 8 MCE banks
Nov 20 14:32:12 saitama kernel: CPU0: Thermal monitoring enabled (TM1)
Nov 20 14:32:12 saitama kernel: process: using mwait in idle threads
Nov 20 14:32:12 saitama kernel: Last level iTLB entries: 4KB 64, 2MB 8, 4MB 8
Nov 20 14:32:12 saitama kernel: Last level dTLB entries: 4KB 64, 2MB 0, 4MB 0, 1GB 4
Nov 20 14:32:12 saitama kernel: Spectre V2 : Mitigation: Full generic retpoline
Nov 20 14:32:12 saitama kernel: Spectre V2 : Spectre v2 / SpectreRSB mitigation: Filling RSB on context switch
Nov 20 14:32:12 saitama kernel: Spectre V2 : Spectre v2 mitigation: Enabling Indirect Branch Prediction Barrier
Nov 20 14:32:12 saitama kernel: Spectre V2 : Enabling Restricted Speculation for firmware calls
Nov 20 14:32:12 saitama kernel: Speculative Store Bypass: Mitigation: Speculative Store Bypass disabled via prctl and seccomp
Nov 20 14:32:12 saitama kernel: Freeing SMP alternatives memory: 28K
Nov 20 14:32:12 saitama kernel: TSC deadline timer enabled
Nov 20 14:32:12 saitama kernel: smpboot: CPU0: Intel(R) Core(TM) i7-7500U CPU @ 2.70GHz (family: 0x6, model: 0x8e, stepping: 0x9)
Nov 20 14:32:12 saitama kernel: Performance Events: PEBS fmt3+, Skylake events, 32-deep LBR, full-width counters, Intel PMU driver.
Nov 20 14:32:12 saitama kernel: ... version:                4
Nov 20 14:32:12 saitama kernel: ... bit width:              48
Nov 20 14:32:12 saitama kernel: ... generic registers:      4
Nov 20 14:32:12 saitama kernel: ... value mask:             0000ffffffffffff
Nov 20 14:32:12 saitama kernel: ... max period:             00007fffffffffff
Nov 20 14:32:12 saitama kernel: ... fixed-purpose events:   3
Nov 20 14:32:12 saitama kernel: ... event mask:             000000070000000f
Nov 20 14:32:12 saitama kernel: rcu: Hierarchical SRCU implementation.
Nov 20 14:32:12 saitama kernel: NMI watchdog: Enabled. Permanently consumes one hw-PMU counter.
Nov 20 14:32:12 saitama kernel: smp: Bringing up secondary CPUs ...
Nov 20 14:32:12 saitama kernel: x86: Booting SMP configuration:
Nov 20 14:32:12 saitama kernel: .... node  #0, CPUs:      #1
Nov 20 14:32:12 saitama kernel: [Firmware Bug]: TSC ADJUST differs within socket(s), fixing all errors
Nov 20 14:32:12 saitama kernel:  #2 #3
Nov 20 14:32:12 saitama kernel: smp: Brought up 1 node, 4 CPUs
Nov 20 14:32:12 saitama kernel: smpboot: Max logical packages: 1
Nov 20 14:32:12 saitama kernel: smpboot: Total of 4 processors activated (23241.00 BogoMIPS)
Nov 20 14:32:12 saitama kernel: devtmpfs: initialized
Nov 20 14:32:12 saitama kernel: x86/mm: Memory block size: 128MB
Nov 20 14:32:12 saitama kernel: PM: Registering ACPI NVS region [mem 0xcfc56000-0xcfc56fff] (4096 bytes)
Nov 20 14:32:12 saitama kernel: PM: Registering ACPI NVS region [mem 0xdb353000-0xdb4a2fff] (1376256 bytes)
Nov 20 14:32:12 saitama kernel: clocksource: jiffies: mask: 0xffffffff max_cycles: 0xffffffff, max_idle_ns: 6370867519511994 ns
Nov 20 14:32:12 saitama kernel: futex hash table entries: 1024 (order: 4, 65536 bytes)
Nov 20 14:32:12 saitama kernel: pinctrl core: initialized pinctrl subsystem
Nov 20 14:32:12 saitama kernel: RTC time: 12:32:10, date: 11/20/18
Nov 20 14:32:12 saitama kernel: NET: Registered protocol family 16
Nov 20 14:32:12 saitama kernel: audit: initializing netlink subsys (disabled)
Nov 20 14:32:12 saitama kernel: audit: type=2000 audit(1542717130.193:1): state=initialized audit_enabled=0 res=1
Nov 20 14:32:12 saitama kernel: cpuidle: using governor ladder
Nov 20 14:32:12 saitama kernel: cpuidle: using governor menu
Nov 20 14:32:12 saitama kernel: Simple Boot Flag at 0x47 set to 0x1
Nov 20 14:32:12 saitama kernel: ACPI FADT declares the system doesn't support PCIe ASPM, so disable it
Nov 20 14:32:12 saitama kernel: ACPI: bus type PCI registered
Nov 20 14:32:12 saitama kernel: acpiphp: ACPI Hot Plug PCI Controller Driver version: 0.5
Nov 20 14:32:12 saitama kernel: PCI: MMCONFIG for domain 0000 [bus 00-3f] at [mem 0xf8000000-0xfbffffff] (base 0xf8000000)
Nov 20 14:32:12 saitama kernel: PCI: MMCONFIG at [mem 0xf8000000-0xfbffffff] reserved in E820
Nov 20 14:32:12 saitama kernel: PCI: Using configuration type 1 for base access
Nov 20 14:32:12 saitama kernel: HugeTLB registered 1.00 GiB page size, pre-allocated 0 pages
Nov 20 14:32:12 saitama kernel: HugeTLB registered 2.00 MiB page size, pre-allocated 0 pages
Nov 20 14:32:12 saitama kernel: ACPI: Added _OSI(Module Device)
Nov 20 14:32:12 saitama kernel: ACPI: Added _OSI(Processor Device)
Nov 20 14:32:12 saitama kernel: ACPI: Added _OSI(3.0 _SCP Extensions)
Nov 20 14:32:12 saitama kernel: ACPI: Added _OSI(Processor Aggregator Device)
Nov 20 14:32:12 saitama kernel: ACPI: Added _OSI(Linux-Dell-Video)
Nov 20 14:32:12 saitama kernel: ACPI: Added _OSI(Linux-Lenovo-NV-HDMI-Audio)
Nov 20 14:32:12 saitama kernel: ACPI: 9 ACPI AML tables successfully acquired and loaded
Nov 20 14:32:12 saitama kernel: ACPI: [Firmware Bug]: BIOS _OSI(Linux) query ignored
Nov 20 14:32:12 saitama kernel: ACPI: Dynamic OEM Table Load:
Nov 20 14:32:12 saitama kernel: ACPI: SSDT 0xFFFF9C2A3B7BF800 0006F6 (v02 PmRef  Cpu0Ist  00003000 INTL 20160422)
Nov 20 14:32:12 saitama kernel: ACPI: \_PR_.CPU0: _OSC native thermal LVT Acked
Nov 20 14:32:12 saitama kernel: ACPI: Dynamic OEM Table Load:
Nov 20 14:32:12 saitama kernel: ACPI: SSDT 0xFFFF9C2A3B379C00 0003FF (v02 PmRef  Cpu0Cst  00003001 INTL 20160422)
Nov 20 14:32:12 saitama kernel: ACPI: Dynamic OEM Table Load:
Nov 20 14:32:12 saitama kernel: ACPI: SSDT 0xFFFF9C2A3B269000 000115 (v02 PmRef  Cpu0Hwp  00003000 INTL 20160422)
Nov 20 14:32:12 saitama kernel: ACPI: Dynamic OEM Table Load:
Nov 20 14:32:12 saitama kernel: ACPI: SSDT 0xFFFF9C2A3B269800 0001A4 (v02 PmRef  HwpLvt   00003000 INTL 20160422)
Nov 20 14:32:12 saitama kernel: ACPI: Dynamic OEM Table Load:
Nov 20 14:32:12 saitama kernel: ACPI: SSDT 0xFFFF9C2A3B380800 00065C (v02 PmRef  ApIst    00003000 INTL 20160422)
Nov 20 14:32:12 saitama kernel: ACPI: Dynamic OEM Table Load:
Nov 20 14:32:12 saitama kernel: ACPI: SSDT 0xFFFF9C2A3B268A00 000197 (v02 PmRef  ApHwp    00003000 INTL 20160422)
Nov 20 14:32:12 saitama kernel: ACPI: Dynamic OEM Table Load:
Nov 20 14:32:12 saitama kernel: ACPI: SSDT 0xFFFF9C2A3B269400 00018A (v02 PmRef  ApCst    00003000 INTL 20160422)
Nov 20 14:32:12 saitama kernel: ACPI: EC: EC started
Nov 20 14:32:12 saitama kernel: ACPI: EC: interrupt blocked
Nov 20 14:32:12 saitama kernel: ACPI: \_SB_.PCI0.LPCB.EC__: Used as first EC
Nov 20 14:32:12 saitama kernel: ACPI: \_SB_.PCI0.LPCB.EC__: GPE=0x17, EC_CMD/EC_SC=0x66, EC_DATA=0x62
Nov 20 14:32:12 saitama kernel: ACPI: \_SB_.PCI0.LPCB.EC__: Used as boot DSDT EC to handle transactions
Nov 20 14:32:12 saitama kernel: ACPI: Interpreter enabled
Nov 20 14:32:12 saitama kernel: ACPI: (supports S0 S3 S4 S5)
Nov 20 14:32:12 saitama kernel: ACPI: Using IOAPIC for interrupt routing
Nov 20 14:32:12 saitama kernel: PCI: Using host bridge windows from ACPI; if necessary, use "pci=nocrs" and report a bug
Nov 20 14:32:12 saitama kernel: ACPI: Enabled 8 GPEs in block 00 to 7F
Nov 20 14:32:12 saitama kernel: ACPI: Power Resource [WRST] (on)
Nov 20 14:32:12 saitama kernel: ACPI: PCI Root Bridge [PCI0] (domain 0000 [bus 00-3e])
Nov 20 14:32:12 saitama kernel: acpi PNP0A08:00: _OSC: OS supports [ExtendedConfig ASPM ClockPM Segments MSI]
Nov 20 14:32:12 saitama kernel: acpi PNP0A08:00: _OSC: OS now controls [PCIeHotplug SHPCHotplug PME AER PCIeCapability LTR]
Nov 20 14:32:12 saitama kernel: acpi PNP0A08:00: FADT indicates ASPM is unsupported, using BIOS configuration
Nov 20 14:32:12 saitama kernel: PCI host bridge to bus 0000:00
Nov 20 14:32:12 saitama kernel: pci_bus 0000:00: root bus resource [io  0x0000-0x0cf7 window]
Nov 20 14:32:12 saitama kernel: pci_bus 0000:00: root bus resource [io  0x0d00-0xffff window]
Nov 20 14:32:12 saitama kernel: pci_bus 0000:00: root bus resource [mem 0x000a0000-0x000bffff window]
Nov 20 14:32:12 saitama kernel: pci_bus 0000:00: root bus resource [mem 0xdf800000-0xf7ffffff window]
Nov 20 14:32:12 saitama kernel: pci_bus 0000:00: root bus resource [mem 0xfd000000-0xfe7fffff window]
Nov 20 14:32:12 saitama kernel: pci_bus 0000:00: root bus resource [bus 00-3e]
Nov 20 14:32:12 saitama kernel: pci 0000:00:00.0: [8086:5904] type 00 class 0x060000
Nov 20 14:32:12 saitama kernel: pci 0000:00:02.0: [8086:5916] type 00 class 0x030000
Nov 20 14:32:12 saitama kernel: pci 0000:00:02.0: reg 0x10: [mem 0xf0000000-0xf0ffffff 64bit]
Nov 20 14:32:12 saitama kernel: pci 0000:00:02.0: reg 0x18: [mem 0xe0000000-0xefffffff 64bit pref]
Nov 20 14:32:12 saitama kernel: pci 0000:00:02.0: reg 0x20: [io  0xe000-0xe03f]
Nov 20 14:32:12 saitama kernel: pci 0000:00:02.0: BAR 2: assigned to efifb
Nov 20 14:32:12 saitama kernel: pci 0000:00:14.0: [8086:9d2f] type 00 class 0x0c0330
Nov 20 14:32:12 saitama kernel: pci 0000:00:14.0: reg 0x10: [mem 0xf1120000-0xf112ffff 64bit]
Nov 20 14:32:12 saitama kernel: pci 0000:00:14.0: PME# supported from D3hot D3cold
Nov 20 14:32:12 saitama kernel: pci 0000:00:14.2: [8086:9d31] type 00 class 0x118000
Nov 20 14:32:12 saitama kernel: pci 0000:00:14.2: reg 0x10: [mem 0xf114a000-0xf114afff 64bit]
Nov 20 14:32:12 saitama kernel: pci 0000:00:15.0: [8086:9d60] type 00 class 0x118000
Nov 20 14:32:12 saitama kernel: pci 0000:00:15.0: reg 0x10: [mem 0xf114b000-0xf114bfff 64bit]
Nov 20 14:32:12 saitama kernel: pci 0000:00:16.0: [8086:9d3a] type 00 class 0x078000
Nov 20 14:32:12 saitama kernel: pci 0000:00:16.0: reg 0x10: [mem 0xf114c000-0xf114cfff 64bit]
Nov 20 14:32:12 saitama kernel: pci 0000:00:16.0: PME# supported from D3hot
Nov 20 14:32:12 saitama kernel: pci 0000:00:17.0: [8086:9d03] type 00 class 0x010601
Nov 20 14:32:12 saitama kernel: pci 0000:00:17.0: reg 0x10: [mem 0xf1148000-0xf1149fff]
Nov 20 14:32:12 saitama kernel: pci 0000:00:17.0: reg 0x14: [mem 0xf114f000-0xf114f0ff]
Nov 20 14:32:12 saitama kernel: pci 0000:00:17.0: reg 0x18: [io  0xe080-0xe087]
Nov 20 14:32:12 saitama kernel: pci 0000:00:17.0: reg 0x1c: [io  0xe088-0xe08b]
Nov 20 14:32:12 saitama kernel: pci 0000:00:17.0: reg 0x20: [io  0xe060-0xe07f]
Nov 20 14:32:12 saitama kernel: pci 0000:00:17.0: reg 0x24: [mem 0xf114d000-0xf114d7ff]
Nov 20 14:32:12 saitama kernel: pci 0000:00:17.0: PME# supported from D3hot
Nov 20 14:32:12 saitama kernel: pci 0000:00:1c.0: [8086:9d10] type 01 class 0x060400
Nov 20 14:32:12 saitama kernel: pci 0000:00:1c.0: PME# supported from D0 D3hot D3cold
Nov 20 14:32:12 saitama kernel: pci 0000:00:1c.3: [8086:9d13] type 01 class 0x060400
Nov 20 14:32:12 saitama kernel: pci 0000:00:1c.3: PME# supported from D0 D3hot D3cold
Nov 20 14:32:12 saitama kernel: pci 0000:00:1f.0: [8086:9d58] type 00 class 0x060100
Nov 20 14:32:12 saitama kernel: pci 0000:00:1f.2: [8086:9d21] type 00 class 0x058000
Nov 20 14:32:12 saitama kernel: pci 0000:00:1f.2: reg 0x10: [mem 0xf1144000-0xf1147fff]
Nov 20 14:32:12 saitama kernel: pci 0000:00:1f.3: [8086:9d71] type 00 class 0x040300
Nov 20 14:32:12 saitama kernel: pci 0000:00:1f.3: reg 0x10: [mem 0xf1140000-0xf1143fff 64bit]
Nov 20 14:32:12 saitama kernel: pci 0000:00:1f.3: reg 0x20: [mem 0xf1130000-0xf113ffff 64bit]
Nov 20 14:32:12 saitama kernel: pci 0000:00:1f.3: PME# supported from D3hot D3cold
Nov 20 14:32:12 saitama kernel: pci 0000:00:1f.4: [8086:9d23] type 00 class 0x0c0500
Nov 20 14:32:12 saitama kernel: pci 0000:00:1f.4: reg 0x10: [mem 0xf114e000-0xf114e0ff 64bit]
Nov 20 14:32:12 saitama kernel: pci 0000:00:1f.4: reg 0x20: [io  0xefa0-0xefbf]
Nov 20 14:32:12 saitama kernel: pci 0000:00:1f.6: [8086:15d8] type 00 class 0x020000
Nov 20 14:32:12 saitama kernel: pci 0000:00:1f.6: reg 0x10: [mem 0xf1100000-0xf111ffff]
Nov 20 14:32:12 saitama kernel: pci 0000:00:1f.6: PME# supported from D0 D3hot D3cold
Nov 20 14:32:12 saitama kernel: pci 0000:00:1c.0: PCI bridge to [bus 02]
Nov 20 14:32:12 saitama kernel: pci 0000:03:00.0: [8086:24fd] type 00 class 0x028000
Nov 20 14:32:12 saitama kernel: pci 0000:03:00.0: reg 0x10: [mem 0xf1000000-0xf1001fff 64bit]
Nov 20 14:32:12 saitama kernel: pci 0000:03:00.0: PME# supported from D0 D3hot D3cold
Nov 20 14:32:12 saitama kernel: pci 0000:03:00.0: 2.000 Gb/s available PCIe bandwidth, limited by 2.5 GT/s x1 link at 0000:00:1c.3 (capable of 7.876 Gb/s with 8 GT/s x1 link)
Nov 20 14:32:12 saitama kernel: pci 0000:00:1c.3: PCI bridge to [bus 03]
Nov 20 14:32:12 saitama kernel: pci 0000:00:1c.3:   bridge window [mem 0xf1000000-0xf10fffff]
Nov 20 14:32:12 saitama kernel: ACPI: PCI Interrupt Link [LNKA] (IRQs 3 4 5 6 10 *11 12 14 15)
Nov 20 14:32:12 saitama kernel: ACPI: PCI Interrupt Link [LNKB] (IRQs 3 4 5 6 *10 11 12 14 15)
Nov 20 14:32:12 saitama kernel: ACPI: PCI Interrupt Link [LNKC] (IRQs 3 4 5 6 10 *11 12 14 15)
Nov 20 14:32:12 saitama kernel: ACPI: PCI Interrupt Link [LNKD] (IRQs 3 4 5 6 10 *11 12 14 15)
Nov 20 14:32:12 saitama kernel: ACPI: PCI Interrupt Link [LNKE] (IRQs 3 4 5 6 10 *11 12 14 15)
Nov 20 14:32:12 saitama kernel: ACPI: PCI Interrupt Link [LNKF] (IRQs 3 4 5 6 10 *11 12 14 15)
Nov 20 14:32:12 saitama kernel: ACPI: PCI Interrupt Link [LNKG] (IRQs 3 4 5 6 10 *11 12 14 15)
Nov 20 14:32:12 saitama kernel: ACPI: PCI Interrupt Link [LNKH] (IRQs 3 4 5 6 10 *11 12 14 15)
Nov 20 14:32:12 saitama kernel: ACPI: EC: interrupt unblocked
Nov 20 14:32:12 saitama kernel: ACPI: EC: event unblocked
Nov 20 14:32:12 saitama kernel: ACPI: \_SB_.PCI0.LPCB.EC__: GPE=0x17, EC_CMD/EC_SC=0x66, EC_DATA=0x62
Nov 20 14:32:12 saitama kernel: ACPI: \_SB_.PCI0.LPCB.EC__: Used as boot DSDT EC to handle transactions and events
Nov 20 14:32:12 saitama kernel: pci 0000:00:02.0: vgaarb: setting as boot VGA device
Nov 20 14:32:12 saitama kernel: pci 0000:00:02.0: vgaarb: VGA device added: decodes=io+mem,owns=io+mem,locks=none
Nov 20 14:32:12 saitama kernel: pci 0000:00:02.0: vgaarb: bridge control possible
Nov 20 14:32:12 saitama kernel: vgaarb: loaded
Nov 20 14:32:12 saitama kernel: ACPI: bus type USB registered
Nov 20 14:32:12 saitama kernel: usbcore: registered new interface driver usbfs
Nov 20 14:32:12 saitama kernel: usbcore: registered new interface driver hub
Nov 20 14:32:12 saitama kernel: usbcore: registered new device driver usb
Nov 20 14:32:12 saitama kernel: pps_core: LinuxPPS API ver. 1 registered
Nov 20 14:32:12 saitama kernel: pps_core: Software ver. 5.3.6 - Copyright 2005-2007 Rodolfo Giometti <giometti@linux.it>
Nov 20 14:32:12 saitama kernel: PTP clock support registered
Nov 20 14:32:12 saitama kernel: EDAC MC: Ver: 3.0.0
Nov 20 14:32:12 saitama kernel: Registered efivars operations
Nov 20 14:32:12 saitama kernel: PCI: Using ACPI for IRQ routing
Nov 20 14:32:12 saitama kernel: PCI: pci_cache_line_size set to 64 bytes
Nov 20 14:32:12 saitama kernel: e820: reserve RAM buffer [mem 0x00058000-0x0005ffff]
Nov 20 14:32:12 saitama kernel: e820: reserve RAM buffer [mem 0x0008c000-0x0008ffff]
Nov 20 14:32:12 saitama kernel: e820: reserve RAM buffer [mem 0xcfc56000-0xcfffffff]
Nov 20 14:32:12 saitama kernel: e820: reserve RAM buffer [mem 0xd95b9000-0xdbffffff]
Nov 20 14:32:12 saitama kernel: e820: reserve RAM buffer [mem 0xdb500000-0xdbffffff]
Nov 20 14:32:12 saitama kernel: e820: reserve RAM buffer [mem 0x81f800000-0x81fffffff]
Nov 20 14:32:12 saitama kernel: NetLabel: Initializing
Nov 20 14:32:12 saitama kernel: NetLabel:  domain hash size = 128
Nov 20 14:32:12 saitama kernel: NetLabel:  protocols = UNLABELED CIPSOv4 CALIPSO
Nov 20 14:32:12 saitama kernel: NetLabel:  unlabeled traffic allowed by default
Nov 20 14:32:12 saitama kernel: hpet0: at MMIO 0xfed00000, IRQs 2, 8, 0, 0, 0, 0, 0, 0
Nov 20 14:32:12 saitama kernel: hpet0: 8 comparators, 64-bit 24.000000 MHz counter
Nov 20 14:32:12 saitama kernel: clocksource: Switched to clocksource tsc-early
Nov 20 14:32:12 saitama kernel: VFS: Disk quotas dquot_6.6.0
Nov 20 14:32:12 saitama kernel: VFS: Dquot-cache hash table entries: 512 (order 0, 4096 bytes)
Nov 20 14:32:12 saitama kernel: pnp: PnP ACPI init
Nov 20 14:32:12 saitama kernel: system 00:00: [mem 0xfd000000-0xfdabffff] has been reserved
Nov 20 14:32:12 saitama kernel: system 00:00: [mem 0xfdad0000-0xfdadffff] has been reserved
Nov 20 14:32:12 saitama kernel: system 00:00: [mem 0xfdb00000-0xfdffffff] has been reserved
Nov 20 14:32:12 saitama kernel: system 00:00: [mem 0xfe000000-0xfe01ffff] could not be reserved
Nov 20 14:32:12 saitama kernel: system 00:00: [mem 0xfe036000-0xfe03bfff] has been reserved
Nov 20 14:32:12 saitama kernel: system 00:00: [mem 0xfe03d000-0xfe3fffff] has been reserved
Nov 20 14:32:12 saitama kernel: system 00:00: [mem 0xfe410000-0xfe7fffff] has been reserved
Nov 20 14:32:12 saitama kernel: system 00:00: Plug and Play ACPI device, IDs PNP0c02 (active)
Nov 20 14:32:12 saitama kernel: system 00:01: [io  0xff00-0xfffe] has been reserved
Nov 20 14:32:12 saitama kernel: system 00:01: Plug and Play ACPI device, IDs PNP0c02 (active)
Nov 20 14:32:12 saitama kernel: system 00:02: [io  0x0680-0x069f] has been reserved
Nov 20 14:32:12 saitama kernel: system 00:02: [io  0xffff] has been reserved
Nov 20 14:32:12 saitama kernel: system 00:02: [io  0xffff] has been reserved
Nov 20 14:32:12 saitama kernel: system 00:02: [io  0xffff] has been reserved
Nov 20 14:32:12 saitama kernel: system 00:02: [io  0x1800-0x18fe] has been reserved
Nov 20 14:32:12 saitama kernel: system 00:02: [io  0x164e-0x164f] has been reserved
Nov 20 14:32:12 saitama kernel: system 00:02: Plug and Play ACPI device, IDs PNP0c02 (active)
Nov 20 14:32:12 saitama kernel: pnp 00:03: Plug and Play ACPI device, IDs PNP0b00 (active)
Nov 20 14:32:12 saitama kernel: system 00:04: [io  0x1854-0x1857] has been reserved
Nov 20 14:32:12 saitama kernel: system 00:04: Plug and Play ACPI device, IDs INT3f0d PNP0c02 (active)
Nov 20 14:32:12 saitama kernel: pnp 00:05: Plug and Play ACPI device, IDs PNP0303 (active)
Nov 20 14:32:12 saitama kernel: pnp 00:06: Plug and Play ACPI device, IDs LEN2032 PNP0f03 (active)
Nov 20 14:32:12 saitama kernel: system 00:07: Plug and Play ACPI device, IDs PNP0c02 (active)
Nov 20 14:32:12 saitama kernel: system 00:08: [mem 0xfed10000-0xfed17fff] has been reserved
Nov 20 14:32:12 saitama kernel: system 00:08: [mem 0xfed18000-0xfed18fff] has been reserved
Nov 20 14:32:12 saitama kernel: system 00:08: [mem 0xfed19000-0xfed19fff] has been reserved
Nov 20 14:32:12 saitama kernel: system 00:08: [mem 0xf8000000-0xfbffffff] has been reserved
Nov 20 14:32:12 saitama kernel: system 00:08: [mem 0xfed20000-0xfed3ffff] has been reserved
Nov 20 14:32:12 saitama kernel: system 00:08: [mem 0xfed90000-0xfed93fff] could not be reserved
Nov 20 14:32:12 saitama kernel: system 00:08: [mem 0xfed45000-0xfed8ffff] has been reserved
Nov 20 14:32:12 saitama kernel: system 00:08: [mem 0xff000000-0xffffffff] has been reserved
Nov 20 14:32:12 saitama kernel: system 00:08: [mem 0xfee00000-0xfeefffff] has been reserved
Nov 20 14:32:12 saitama kernel: system 00:08: [mem 0xf7fe0000-0xf7ffffff] has been reserved
Nov 20 14:32:12 saitama kernel: system 00:08: Plug and Play ACPI device, IDs PNP0c02 (active)
Nov 20 14:32:12 saitama kernel: pnp: PnP ACPI: found 9 devices
Nov 20 14:32:12 saitama kernel: clocksource: acpi_pm: mask: 0xffffff max_cycles: 0xffffff, max_idle_ns: 2085701024 ns
Nov 20 14:32:12 saitama kernel: pci 0000:00:1c.0: PCI bridge to [bus 02]
Nov 20 14:32:12 saitama kernel: pci 0000:00:1c.3: PCI bridge to [bus 03]
Nov 20 14:32:12 saitama kernel: pci 0000:00:1c.3:   bridge window [mem 0xf1000000-0xf10fffff]
Nov 20 14:32:12 saitama kernel: pci_bus 0000:00: resource 4 [io  0x0000-0x0cf7 window]
Nov 20 14:32:12 saitama kernel: pci_bus 0000:00: resource 5 [io  0x0d00-0xffff window]
Nov 20 14:32:12 saitama kernel: pci_bus 0000:00: resource 6 [mem 0x000a0000-0x000bffff window]
Nov 20 14:32:12 saitama kernel: pci_bus 0000:00: resource 7 [mem 0xdf800000-0xf7ffffff window]
Nov 20 14:32:12 saitama kernel: pci_bus 0000:00: resource 8 [mem 0xfd000000-0xfe7fffff window]
Nov 20 14:32:12 saitama kernel: pci_bus 0000:03: resource 1 [mem 0xf1000000-0xf10fffff]
Nov 20 14:32:12 saitama kernel: NET: Registered protocol family 2
Nov 20 14:32:12 saitama kernel: tcp_listen_portaddr_hash hash table entries: 16384 (order: 6, 262144 bytes)
Nov 20 14:32:12 saitama kernel: TCP established hash table entries: 262144 (order: 9, 2097152 bytes)
Nov 20 14:32:12 saitama kernel: TCP bind hash table entries: 65536 (order: 8, 1048576 bytes)
Nov 20 14:32:12 saitama kernel: TCP: Hash tables configured (established 262144 bind 65536)
Nov 20 14:32:12 saitama kernel: UDP hash table entries: 16384 (order: 7, 524288 bytes)
Nov 20 14:32:12 saitama kernel: UDP-Lite hash table entries: 16384 (order: 7, 524288 bytes)
Nov 20 14:32:12 saitama kernel: NET: Registered protocol family 1
Nov 20 14:32:12 saitama kernel: NET: Registered protocol family 44
Nov 20 14:32:12 saitama kernel: pci 0000:00:02.0: Video device with shadowed ROM at [mem 0x000c0000-0x000dffff]
Nov 20 14:32:12 saitama kernel: PCI: CLS 0 bytes, default 64
Nov 20 14:32:12 saitama kernel: Unpacking initramfs...
Nov 20 14:32:12 saitama kernel: Freeing initrd memory: 9460K
Nov 20 14:32:12 saitama kernel: DMAR: ACPI device "device:7e" under DMAR at fed91000 as 00:15.0
Nov 20 14:32:12 saitama kernel: PCI-DMA: Using software bounce buffering for IO (SWIOTLB)
Nov 20 14:32:12 saitama kernel: software IO TLB: mapped [mem 0xc8dba000-0xccdba000] (64MB)
Nov 20 14:32:12 saitama kernel: clocksource: tsc: mask: 0xffffffffffffffff max_cycles: 0x29dc05e54fc, max_idle_ns: 440795291716 ns
Nov 20 14:32:12 saitama kernel: clocksource: Switched to clocksource tsc
Nov 20 14:32:12 saitama kernel: Scanning for low memory corruption every 60 seconds
Nov 20 14:32:12 saitama kernel: Initialise system trusted keyrings
Nov 20 14:32:12 saitama kernel: Key type blacklist registered
Nov 20 14:32:12 saitama kernel: workingset: timestamp_bits=41 max_order=23 bucket_order=0
Nov 20 14:32:12 saitama kernel: zbud: loaded
Nov 20 14:32:12 saitama kernel: pstore: using lz4hc compression
Nov 20 14:32:12 saitama kernel: Key type asymmetric registered
Nov 20 14:32:12 saitama kernel: Asymmetric key parser 'x509' registered
Nov 20 14:32:12 saitama kernel: Block layer SCSI generic (bsg) driver version 0.4 loaded (major 245)
Nov 20 14:32:12 saitama kernel: io scheduler noop registered
Nov 20 14:32:12 saitama kernel: io scheduler deadline registered
Nov 20 14:32:12 saitama kernel: io scheduler cfq registered
Nov 20 14:32:12 saitama kernel: io scheduler mq-deadline registered
Nov 20 14:32:12 saitama kernel: io scheduler kyber registered
Nov 20 14:32:12 saitama kernel: io scheduler bfq registered
Nov 20 14:32:12 saitama kernel: io scheduler bfq-sq registered (default)
Nov 20 14:32:12 saitama kernel: BFQ I/O-scheduler: v9 (with cgroups support)
Nov 20 14:32:12 saitama kernel: io scheduler bfq-mq registered
Nov 20 14:32:12 saitama kernel: BFQ I/O-scheduler: v9 (with cgroups support)
Nov 20 14:32:12 saitama kernel: pcieport 0000:00:1c.0: AER enabled with IRQ 122
Nov 20 14:32:12 saitama kernel: pcieport 0000:00:1c.3: AER enabled with IRQ 123
Nov 20 14:32:12 saitama kernel: pcieport 0000:00:1c.0: Signaling PME with IRQ 122
Nov 20 14:32:12 saitama kernel: pcieport 0000:00:1c.3: Signaling PME with IRQ 123
Nov 20 14:32:12 saitama kernel: shpchp: Standard Hot Plug PCI Controller Driver version: 0.4
Nov 20 14:32:12 saitama kernel: efifb: probing for efifb
Nov 20 14:32:12 saitama kernel: efifb: No BGRT, not showing boot graphics
Nov 20 14:32:12 saitama kernel: efifb: framebuffer at 0xe0000000, using 4160k, total 4160k
Nov 20 14:32:12 saitama kernel: efifb: mode is 1366x768x32, linelength=5504, pages=1
Nov 20 14:32:12 saitama kernel: efifb: scrolling: redraw
Nov 20 14:32:12 saitama kernel: efifb: Truecolor: size=8:8:8:8, shift=24:16:8:0
Nov 20 14:32:12 saitama kernel: fbcon: Deferring console take-over
Nov 20 14:32:12 saitama kernel: fb0: EFI VGA frame buffer device
Nov 20 14:32:12 saitama kernel: intel_idle: MWAIT substates: 0x11142120
Nov 20 14:32:12 saitama kernel: intel_idle: v0.4.1 model 0x8E
Nov 20 14:32:12 saitama kernel: intel_idle: lapic_timer_reliable_states 0xffffffff
Nov 20 14:32:12 saitama kernel: input: Lid Switch as /devices/LNXSYSTM:00/LNXSYBUS:00/PNP0C0D:00/input/input0
Nov 20 14:32:12 saitama kernel: ACPI: Lid Switch [LID]
Nov 20 14:32:12 saitama kernel: input: Power Button as /devices/LNXSYSTM:00/LNXSYBUS:00/PNP0C0C:00/input/input1
Nov 20 14:32:12 saitama kernel: ACPI: Power Button [PWRB]
Nov 20 14:32:12 saitama kernel: input: Sleep Button as /devices/LNXSYSTM:00/LNXSYBUS:00/PNP0C0E:00/input/input2
Nov 20 14:32:12 saitama kernel: ACPI: Sleep Button [SLPB]
Nov 20 14:32:12 saitama kernel: input: Power Button as /devices/LNXSYSTM:00/LNXPWRBN:00/input/input3
Nov 20 14:32:12 saitama kernel: ACPI: Power Button [PWRF]
Nov 20 14:32:12 saitama kernel: thermal LNXTHERM:00: registered as thermal_zone0
Nov 20 14:32:12 saitama kernel: ACPI: Thermal Zone [TZ00] (58 C)
Nov 20 14:32:12 saitama kernel: Serial: 8250/16550 driver, 4 ports, IRQ sharing enabled
Nov 20 14:32:12 saitama kernel: usbcore: registered new interface driver usbserial_generic
Nov 20 14:32:12 saitama kernel: usbserial: USB Serial support registered for generic
Nov 20 14:32:12 saitama kernel: rtc_cmos 00:03: RTC can wake from S4
Nov 20 14:32:12 saitama kernel: rtc_cmos 00:03: registered as rtc0
Nov 20 14:32:12 saitama kernel: rtc_cmos 00:03: alarms up to one month, y3k, 242 bytes nvram, hpet irqs
Nov 20 14:32:12 saitama kernel: intel_pstate: Intel P-state driver initializing
Nov 20 14:32:12 saitama kernel: intel_pstate: HWP enabled
Nov 20 14:32:12 saitama kernel: ledtrig-cpu: registered to indicate activity on CPUs
Nov 20 14:32:12 saitama kernel: intel_pmc_core:  initialized
Nov 20 14:32:12 saitama kernel: NET: Registered protocol family 10
Nov 20 14:32:12 saitama kernel: Segment Routing with IPv6
Nov 20 14:32:12 saitama kernel: NET: Registered protocol family 17
Nov 20 14:32:12 saitama kernel: RAS: Correctable Errors collector initialized.
Nov 20 14:32:12 saitama kernel: microcode: sig=0x806e9, pf=0x80, revision=0x8e
Nov 20 14:32:12 saitama kernel: microcode: Microcode Update Driver: v2.2.
Nov 20 14:32:12 saitama kernel: sched_clock: Marking stable (864038757, -2895894)->(867231938, -6089075)
Nov 20 14:32:12 saitama kernel: registered taskstats version 1
Nov 20 14:32:12 saitama kernel: Loading compiled-in X.509 certificates
Nov 20 14:32:12 saitama kernel: Loaded X.509 cert 'Build time autogenerated kernel key: 2e4daa22ec9ccd814d89290c9b902ba1130d29c8'
Nov 20 14:32:12 saitama kernel: zswap: loaded using pool lzo/zbud
Nov 20 14:32:12 saitama kernel: Key type big_key registered
Nov 20 14:32:12 saitama kernel:   Magic number: 10:284:532
Nov 20 14:32:12 saitama kernel: rtc_cmos 00:03: setting system clock to 2018-11-20 12:32:11 UTC (1542717131)
Nov 20 14:32:12 saitama kernel: Freeing unused decrypted memory: 2040K
Nov 20 14:32:12 saitama kernel: Freeing unused kernel image memory: 1520K
Nov 20 14:32:12 saitama kernel: Write protecting the kernel read-only data: 18432k
Nov 20 14:32:12 saitama kernel: Freeing unused kernel image memory: 2008K
Nov 20 14:32:12 saitama kernel: Freeing unused kernel image memory: 468K
Nov 20 14:32:12 saitama kernel: x86/mm: Checked W+X mappings: passed, no W+X pages found.
Nov 20 14:32:12 saitama kernel: x86/mm: Checking user space page tables
Nov 20 14:32:12 saitama kernel: x86/mm: Checked W+X mappings: passed, no W+X pages found.
Nov 20 14:32:12 saitama kernel: Run /init as init process
Nov 20 14:32:12 saitama kernel: i8042: PNP: PS/2 Controller [PNP0303:PS2K,PNP0f03:PS2M] at 0x60,0x64 irq 1,12
Nov 20 14:32:12 saitama kernel: serio: i8042 KBD port at 0x60,0x64 irq 1
Nov 20 14:32:12 saitama kernel: serio: i8042 AUX port at 0x60,0x64 irq 12
Nov 20 14:32:12 saitama kernel: SCSI subsystem initialized
Nov 20 14:32:12 saitama kernel: xhci_hcd 0000:00:14.0: xHCI Host Controller
Nov 20 14:32:12 saitama kernel: xhci_hcd 0000:00:14.0: new USB bus registered, assigned bus number 1
Nov 20 14:32:12 saitama kernel: xhci_hcd 0000:00:14.0: hcc params 0x200077c1 hci version 0x100 quirks 0x0000000001109810
Nov 20 14:32:12 saitama kernel: xhci_hcd 0000:00:14.0: cache line size of 64 is not supported
Nov 20 14:32:12 saitama kernel: usb usb1: New USB device found, idVendor=1d6b, idProduct=0002, bcdDevice= 4.19
Nov 20 14:32:12 saitama kernel: usb usb1: New USB device strings: Mfr=3, Product=2, SerialNumber=1
Nov 20 14:32:12 saitama kernel: usb usb1: Product: xHCI Host Controller
Nov 20 14:32:12 saitama kernel: usb usb1: Manufacturer: Linux 4.19.0-3-MANJARO xhci-hcd
Nov 20 14:32:12 saitama kernel: usb usb1: SerialNumber: 0000:00:14.0
Nov 20 14:32:12 saitama kernel: hub 1-0:1.0: USB hub found
Nov 20 14:32:12 saitama kernel: hub 1-0:1.0: 12 ports detected
Nov 20 14:32:12 saitama kernel: libata version 3.00 loaded.
Nov 20 14:32:12 saitama kernel: xhci_hcd 0000:00:14.0: xHCI Host Controller
Nov 20 14:32:12 saitama kernel: xhci_hcd 0000:00:14.0: new USB bus registered, assigned bus number 2
Nov 20 14:32:12 saitama kernel: xhci_hcd 0000:00:14.0: Host supports USB 3.0  SuperSpeed
Nov 20 14:32:12 saitama kernel: usb usb2: New USB device found, idVendor=1d6b, idProduct=0003, bcdDevice= 4.19
Nov 20 14:32:12 saitama kernel: usb usb2: New USB device strings: Mfr=3, Product=2, SerialNumber=1
Nov 20 14:32:12 saitama kernel: usb usb2: Product: xHCI Host Controller
Nov 20 14:32:12 saitama kernel: usb usb2: Manufacturer: Linux 4.19.0-3-MANJARO xhci-hcd
Nov 20 14:32:12 saitama kernel: usb usb2: SerialNumber: 0000:00:14.0
Nov 20 14:32:12 saitama kernel: hub 2-0:1.0: USB hub found
Nov 20 14:32:12 saitama kernel: hub 2-0:1.0: 6 ports detected
Nov 20 14:32:12 saitama kernel: usb: port power management may be unreliable
Nov 20 14:32:12 saitama kernel: ahci 0000:00:17.0: version 3.0
Nov 20 14:32:12 saitama kernel: ahci 0000:00:17.0: AHCI 0001.0301 32 slots 1 ports 6 Gbps 0x2 impl SATA mode
Nov 20 14:32:12 saitama kernel: ahci 0000:00:17.0: flags: 64bit ncq pm led clo only pio slum part deso sadm sds apst 
Nov 20 14:32:12 saitama kernel: scsi host0: ahci
Nov 20 14:32:12 saitama kernel: scsi host1: ahci
Nov 20 14:32:12 saitama kernel: ata1: DUMMY
Nov 20 14:32:12 saitama kernel: ata2: SATA max UDMA/133 abar m2048@0xf114d000 port 0xf114d180 irq 125
Nov 20 14:32:12 saitama kernel: input: AT Translated Set 2 keyboard as /devices/platform/i8042/serio0/input/input4
Nov 20 14:32:12 saitama kernel: ata2: SATA link up 6.0 Gbps (SStatus 133 SControl 300)
Nov 20 14:32:12 saitama kernel: ata2.00: ACPI cmd ef/02:00:00:00:00:a0 (SET FEATURES) succeeded
Nov 20 14:32:12 saitama kernel: ata2.00: ACPI cmd f5/00:00:00:00:00:a0 (SECURITY FREEZE LOCK) filtered out
Nov 20 14:32:12 saitama kernel: ata2.00: ACPI cmd ef/10:03:00:00:00:a0 (SET FEATURES) filtered out
Nov 20 14:32:12 saitama kernel: ata2.00: supports DRM functions and may not be fully accessible
Nov 20 14:32:12 saitama kernel: ata2.00: ATA-10: Crucial_CT525MX300SSD4,  M0CR060, max UDMA/133
Nov 20 14:32:12 saitama kernel: ata2.00: 1025610768 sectors, multi 16: LBA48 NCQ (depth 32), AA
Nov 20 14:32:12 saitama kernel: ata2.00: ACPI cmd ef/02:00:00:00:00:a0 (SET FEATURES) succeeded
Nov 20 14:32:12 saitama kernel: ata2.00: ACPI cmd f5/00:00:00:00:00:a0 (SECURITY FREEZE LOCK) filtered out
Nov 20 14:32:12 saitama kernel: ata2.00: ACPI cmd ef/10:03:00:00:00:a0 (SET FEATURES) filtered out
Nov 20 14:32:12 saitama kernel: usb 1-2: new high-speed USB device number 2 using xhci_hcd
Nov 20 14:32:12 saitama kernel: ata2.00: supports DRM functions and may not be fully accessible
Nov 20 14:32:12 saitama kernel: ata2.00: configured for UDMA/133
Nov 20 14:32:12 saitama kernel: ahci 0000:00:17.0: port does not support device sleep
Nov 20 14:32:12 saitama kernel: scsi 1:0:0:0: Direct-Access     ATA      Crucial_CT525MX3 R060 PQ: 0 ANSI: 5
Nov 20 14:32:12 saitama kernel: ata2.00: Enabling discard_zeroes_data
Nov 20 14:32:12 saitama kernel: sd 1:0:0:0: [sda] 1025610768 512-byte logical blocks: (525 GB/489 GiB)
Nov 20 14:32:12 saitama kernel: sd 1:0:0:0: [sda] Write Protect is off
Nov 20 14:32:12 saitama kernel: sd 1:0:0:0: [sda] Mode Sense: 00 3a 00 00
Nov 20 14:32:12 saitama kernel: sd 1:0:0:0: [sda] Write cache: enabled, read cache: enabled, doesn't support DPO or FUA
Nov 20 14:32:12 saitama kernel: ata2.00: Enabling discard_zeroes_data
Nov 20 14:32:12 saitama kernel:  sda: sda1 sda2 sda3
Nov 20 14:32:12 saitama kernel: ata2.00: Enabling discard_zeroes_data
Nov 20 14:32:12 saitama kernel: sd 1:0:0:0: [sda] supports TCG Opal
Nov 20 14:32:12 saitama kernel: sd 1:0:0:0: [sda] Attached SCSI disk
Nov 20 14:32:12 saitama kernel: PM: Image not found (code -22)
Nov 20 14:32:12 saitama kernel: usb 1-2: New USB device found, idVendor=0bda, idProduct=5411, bcdDevice= 1.25
Nov 20 14:32:12 saitama kernel: usb 1-2: New USB device strings: Mfr=1, Product=2, SerialNumber=0
Nov 20 14:32:12 saitama kernel: usb 1-2: Product: 4-Port USB 2.0 Hub
Nov 20 14:32:12 saitama kernel: usb 1-2: Manufacturer: Generic
Nov 20 14:32:12 saitama kernel: EXT4-fs (sda2): mounted filesystem with ordered data mode. Opts: (null)
Nov 20 14:32:12 saitama kernel: hub 1-2:1.0: USB hub found
Nov 20 14:32:12 saitama kernel: hub 1-2:1.0: 3 ports detected
Nov 20 14:32:12 saitama kernel: random: fast init done
Nov 20 14:32:12 saitama kernel: usb 2-3: new SuperSpeed Gen 1 USB device number 2 using xhci_hcd
Nov 20 14:32:12 saitama kernel: usb 2-3: New USB device found, idVendor=0bda, idProduct=0411, bcdDevice= 1.25
Nov 20 14:32:12 saitama kernel: usb 2-3: New USB device strings: Mfr=1, Product=2, SerialNumber=0
Nov 20 14:32:12 saitama kernel: usb 2-3: Product: 4-Port USB 3.0 Hub
Nov 20 14:32:12 saitama kernel: usb 2-3: Manufacturer: Generic
Nov 20 14:32:12 saitama kernel: hub 2-3:1.0: USB hub found
Nov 20 14:32:12 saitama kernel: hub 2-3:1.0: 3 ports detected
Nov 20 14:32:12 saitama systemd[1]: systemd 239 running in system mode. (+PAM +AUDIT -SELINUX -IMA -APPARMOR +SMACK -SYSVINIT +UTMP +LIBCRYPTSETUP +GCRYPT +GNUTLS +ACL +XZ +LZ4 +SECCOMP +BLKID +ELFUTILS +KMOD +IDN2 -IDN +PCRE2 default-hierarchy=hybrid)
Nov 20 14:32:12 saitama systemd[1]: Detected architecture x86-64.
Nov 20 14:32:12 saitama systemd[1]: Set hostname to <saitama>.
Nov 20 14:32:12 saitama kernel: usb 1-3: new high-speed USB device number 3 using xhci_hcd
Nov 20 14:32:12 saitama kernel: random: systemd: uninitialized urandom read (16 bytes read)
Nov 20 14:32:12 saitama systemd[1]: Listening on Device-mapper event daemon FIFOs.
Nov 20 14:32:12 saitama kernel: random: systemd: uninitialized urandom read (16 bytes read)
Nov 20 14:32:12 saitama systemd[1]: Created slice system-systemd\x2dfsck.slice.
Nov 20 14:32:12 saitama kernel: random: systemd: uninitialized urandom read (16 bytes read)
Nov 20 14:32:12 saitama systemd[1]: Started Forward Password Requests to Wall Directory Watch.
Nov 20 14:32:12 saitama systemd[1]: Listening on Journal Socket (/dev/log).
Nov 20 14:32:12 saitama systemd[1]: Listening on LVM2 metadata daemon socket.
Nov 20 14:32:12 saitama systemd[1]: Listening on LVM2 poll daemon socket.
Nov 20 14:32:12 saitama systemd[1]: Set up automount Arbitrary Executable File Formats File System Automount Point.
Nov 20 14:32:12 saitama kernel: EXT4-fs (sda2): re-mounted. Opts: discard
Nov 20 14:32:12 saitama kernel: audit: type=1130 audit(1542717132.846:2): pid=1 uid=0 auid=4294967295 ses=4294967295 msg='unit=systemd-modules-load comm="systemd" exe="/usr/lib/systemd/systemd" hostname=? addr=? terminal=? res=success'
Nov 20 14:32:12 saitama kernel: audit: type=1130 audit(1542717132.849:3): pid=1 uid=0 auid=4294967295 ses=4294967295 msg='unit=systemd-random-seed comm="systemd" exe="/usr/lib/systemd/systemd" hostname=? addr=? terminal=? res=success'
Nov 20 14:32:12 saitama kernel: audit: type=1130 audit(1542717132.849:4): pid=1 uid=0 auid=4294967295 ses=4294967295 msg='unit=lvm2-lvmetad comm="systemd" exe="/usr/lib/systemd/systemd" hostname=? addr=? terminal=? res=success'
Nov 20 14:32:12 saitama kernel: audit: type=1130 audit(1542717132.856:5): pid=1 uid=0 auid=4294967295 ses=4294967295 msg='unit=systemd-sysctl comm="systemd" exe="/usr/lib/systemd/systemd" hostname=? addr=? terminal=? res=success'
Nov 20 14:32:12 saitama kernel: audit: type=1130 audit(1542717132.869:6): pid=1 uid=0 auid=4294967295 ses=4294967295 msg='unit=systemd-sysusers comm="systemd" exe="/usr/lib/systemd/systemd" hostname=? addr=? terminal=? res=success'
Nov 20 14:32:12 saitama systemd-journald[226]: Journal started
Nov 20 14:32:12 saitama systemd-journald[226]: Runtime journal (/run/log/journal/39ac6fd264074242be064a989253759d) is 8.0M, max 1.5G, 1.5G free.
Nov 20 14:32:12 saitama audit[1]: SERVICE_START pid=1 uid=0 auid=4294967295 ses=4294967295 msg='unit=systemd-modules-load comm="systemd" exe="/usr/lib/systemd/systemd" hostname=? addr=? terminal=? res=success'
Nov 20 14:32:12 saitama audit[1]: SERVICE_START pid=1 uid=0 auid=4294967295 ses=4294967295 msg='unit=systemd-random-seed comm="systemd" exe="/usr/lib/systemd/systemd" hostname=? addr=? terminal=? res=success'
Nov 20 14:32:12 saitama audit[1]: SERVICE_START pid=1 uid=0 auid=4294967295 ses=4294967295 msg='unit=lvm2-lvmetad comm="systemd" exe="/usr/lib/systemd/systemd" hostname=? addr=? terminal=? res=success'
Nov 20 14:32:12 saitama audit[1]: SERVICE_START pid=1 uid=0 auid=4294967295 ses=4294967295 msg='unit=systemd-sysctl comm="systemd" exe="/usr/lib/systemd/systemd" hostname=? addr=? terminal=? res=success'
Nov 20 14:32:12 saitama audit[1]: SERVICE_START pid=1 uid=0 auid=4294967295 ses=4294967295 msg='unit=systemd-sysusers comm="systemd" exe="/usr/lib/systemd/systemd" hostname=? addr=? terminal=? res=success'
Nov 20 14:32:12 saitama systemd-modules-load[219]: Inserted module 'crypto_user'
Nov 20 14:32:12 saitama systemd-modules-load[219]: Inserted module 'uinput'
Nov 20 14:32:12 saitama kernel: audit: type=1130 audit(1542717132.873:7): pid=1 uid=0 auid=4294967295 ses=4294967295 msg='unit=systemd-journald comm="systemd" exe="/usr/lib/systemd/systemd" hostname=? addr=? terminal=? res=success'
Nov 20 14:32:12 saitama audit[1]: SERVICE_START pid=1 uid=0 auid=4294967295 ses=4294967295 msg='unit=systemd-journald comm="systemd" exe="/usr/lib/systemd/systemd" hostname=? addr=? terminal=? res=success'
Nov 20 14:32:12 saitama systemd[1]: Starting Flush Journal to Persistent Storage...
Nov 20 14:32:12 saitama ufw-init[239]: Skip starting firewall: ufw (not enabled)
Nov 20 14:32:12 saitama systemd[1]: Started CLI Netfilter Manager.
Nov 20 14:32:12 saitama audit[1]: SERVICE_START pid=1 uid=0 auid=4294967295 ses=4294967295 msg='unit=ufw comm="systemd" exe="/usr/lib/systemd/systemd" hostname=? addr=? terminal=? res=success'
Nov 20 14:32:12 saitama systemd-journald[226]: Time spent on flushing to /var is 3.320ms for 668 entries.
Nov 20 14:32:12 saitama systemd-journald[226]: System journal (/var/log/journal/39ac6fd264074242be064a989253759d) is 8.0M, max 4.0G, 3.9G free.
Nov 20 14:32:12 saitama kernel: audit: type=1130 audit(1542717132.883:8): pid=1 uid=0 auid=4294967295 ses=4294967295 msg='unit=ufw comm="systemd" exe="/usr/lib/systemd/systemd" hostname=? addr=? terminal=? res=success'
Nov 20 14:32:12 saitama kernel: audit: type=1130 audit(1542717132.883:9): pid=1 uid=0 auid=4294967295 ses=4294967295 msg='unit=systemd-tmpfiles-setup-dev comm="systemd" exe="/usr/lib/systemd/systemd" hostname=? addr=? terminal=? res=success'
Nov 20 14:32:12 saitama kernel: audit: type=1130 audit(1542717132.886:10): pid=1 uid=0 auid=4294967295 ses=4294967295 msg='unit=systemd-udev-trigger comm="systemd" exe="/usr/lib/systemd/systemd" hostname=? addr=? terminal=? res=success'
Nov 20 14:32:12 saitama audit[1]: SERVICE_START pid=1 uid=0 auid=4294967295 ses=4294967295 msg='unit=systemd-tmpfiles-setup-dev comm="systemd" exe="/usr/lib/systemd/systemd" hostname=? addr=? terminal=? res=success'
Nov 20 14:32:12 saitama audit[1]: SERVICE_START pid=1 uid=0 auid=4294967295 ses=4294967295 msg='unit=systemd-udev-trigger comm="systemd" exe="/usr/lib/systemd/systemd" hostname=? addr=? terminal=? res=success'
Nov 20 14:32:12 saitama audit[1]: SERVICE_START pid=1 uid=0 auid=4294967295 ses=4294967295 msg='unit=systemd-journal-flush comm="systemd" exe="/usr/lib/systemd/systemd" hostname=? addr=? terminal=? res=success'
Nov 20 14:32:12 saitama systemd[1]: Started Create Static Device Nodes in /dev.
Nov 20 14:32:12 saitama systemd[1]: Starting udev Kernel Device Manager...
Nov 20 14:32:12 saitama systemd[1]: Started udev Coldplug all Devices.
Nov 20 14:32:12 saitama systemd[1]: Started Flush Journal to Persistent Storage.
Nov 20 14:32:12 saitama systemd-udevd[246]: Specified group 'plugdev' unknown
Nov 20 14:32:12 saitama kernel: usb 1-3: New USB device found, idVendor=04f2, idProduct=b5bb, bcdDevice= 0.03
Nov 20 14:32:12 saitama kernel: usb 1-3: New USB device strings: Mfr=3, Product=1, SerialNumber=2
Nov 20 14:32:12 saitama kernel: usb 1-3: Product: Integrated Camera
Nov 20 14:32:12 saitama kernel: usb 1-3: Manufacturer: Chicony Electronics Co.,Ltd.
Nov 20 14:32:12 saitama kernel: usb 1-3: SerialNumber: 0001
Nov 20 14:32:12 saitama systemd[1]: Started udev Kernel Device Manager.
Nov 20 14:32:12 saitama audit[1]: SERVICE_START pid=1 uid=0 auid=4294967295 ses=4294967295 msg='unit=systemd-udevd comm="systemd" exe="/usr/lib/systemd/systemd" hostname=? addr=? terminal=? res=success'
Nov 20 14:32:12 saitama kernel: ACPI: AC Adapter [ACAD] (on-line)
Nov 20 14:32:13 saitama kernel: tpm_tis MSFT0101:00: 2.0 TPM (device-id 0x0, rev-id 78)
Nov 20 14:32:13 saitama kernel: acpi PNP0C14:01: duplicate WMI GUID 05901221-D566-11D1-B2F0-00A0C9062910 (first instance was on PNP0C14:00)
Nov 20 14:32:13 saitama kernel: acpi PNP0C14:02: duplicate WMI GUID 05901221-D566-11D1-B2F0-00A0C9062910 (first instance was on PNP0C14:00)
Nov 20 14:32:13 saitama kernel: Non-volatile memory driver v1.3
Nov 20 14:32:13 saitama kernel: mei_me 0000:00:16.0: enabling device (0000 -> 0002)
Nov 20 14:32:13 saitama kernel: intel-lpss 0000:00:15.0: enabling device (0000 -> 0002)
Nov 20 14:32:13 saitama kernel: usb 1-4: new full-speed USB device number 4 using xhci_hcd
Nov 20 14:32:13 saitama kernel: i801_smbus 0000:00:1f.4: enabling device (0000 -> 0003)
Nov 20 14:32:13 saitama kernel: i801_smbus 0000:00:1f.4: SPD Write Disable is set
Nov 20 14:32:13 saitama kernel: i801_smbus 0000:00:1f.4: SMBus using PCI interrupt
Nov 20 14:32:13 saitama kernel: idma64 idma64.0: Found Intel integrated DMA 64-bit
Nov 20 14:32:13 saitama kernel: input: PC Speaker as /devices/platform/pcspkr/input/input6
Nov 20 14:32:13 saitama kernel: Linux agpgart interface v0.103
Nov 20 14:32:13 saitama kernel: e1000e: Intel(R) PRO/1000 Network Driver - 3.2.6-k
Nov 20 14:32:13 saitama kernel: e1000e: Copyright(c) 1999 - 2015 Intel Corporation.
Nov 20 14:32:13 saitama kernel: e1000e 0000:00:1f.6: Interrupt Throttling Rate (ints/sec) set to dynamic conservative mode
Nov 20 14:32:13 saitama kernel: thinkpad_acpi: ThinkPad ACPI Extras v0.26
Nov 20 14:32:13 saitama kernel: thinkpad_acpi: http://ibm-acpi.sf.net/
Nov 20 14:32:13 saitama kernel: thinkpad_acpi: ThinkPad BIOS R0JET22W (1.07 ), EC unknown
Nov 20 14:32:13 saitama kernel: thinkpad_acpi: Lenovo ThinkPad 13 2nd Gen, model 20J1S00V00
Nov 20 14:32:13 saitama kernel: thinkpad_acpi: radio switch found; radios are enabled
Nov 20 14:32:13 saitama kernel: thinkpad_acpi: Tablet mode switch found (type: MHKG), currently in laptop mode
Nov 20 14:32:13 saitama kernel: thinkpad_acpi: This ThinkPad has standard ACPI backlight brightness control, supported by the ACPI video driver
Nov 20 14:32:13 saitama kernel: thinkpad_acpi: Disabling thinkpad-acpi brightness events by default...
Nov 20 14:32:13 saitama kernel: RAPL PMU: API unit is 2^-32 Joules, 5 fixed counters, 655360 ms ovfl timer
Nov 20 14:32:13 saitama kernel: RAPL PMU: hw unit of domain pp0-core 2^-14 Joules
Nov 20 14:32:13 saitama kernel: RAPL PMU: hw unit of domain package 2^-14 Joules
Nov 20 14:32:13 saitama kernel: RAPL PMU: hw unit of domain dram 2^-14 Joules
Nov 20 14:32:13 saitama kernel: RAPL PMU: hw unit of domain pp1-gpu 2^-14 Joules
Nov 20 14:32:13 saitama kernel: RAPL PMU: hw unit of domain psys 2^-14 Joules
Nov 20 14:32:13 saitama systemd[1]: Found device Crucial_CT525MX300SSD4 3.
Nov 20 14:32:13 saitama systemd[1]: Found device Crucial_CT525MX300SSD4 1.
Nov 20 14:32:13 saitama systemd[1]: Activating swap /dev/disk/by-uuid/d0b55d6c-7491-40e4-a198-9dd619ba7dc2...
Nov 20 14:32:13 saitama kernel: cfg80211: Loading compiled-in X.509 certificates for regulatory database
Nov 20 14:32:13 saitama kernel: cfg80211: Loaded X.509 cert 'sforshee: 00b28ddf47aef9cea7'
Nov 20 14:32:13 saitama systemd-udevd[259]: link_config: autonegotiation is unset or enabled, the speed and duplex are not writable.
Nov 20 14:32:13 saitama kernel: usb 1-4: New USB device found, idVendor=138a, idProduct=0011, bcdDevice= 0.78
Nov 20 14:32:13 saitama kernel: usb 1-4: New USB device strings: Mfr=0, Product=0, SerialNumber=1
Nov 20 14:32:13 saitama kernel: usb 1-4: SerialNumber: 493a3d165c81
Nov 20 14:32:13 saitama kernel: thinkpad_acpi: rfkill switch tpacpi_bluetooth_sw: radio is blocked
Nov 20 14:32:13 saitama kernel: thinkpad_acpi: Standard ACPI backlight interface available, not loading native one
Nov 20 14:32:13 saitama kernel: thinkpad_acpi: Console audio control enabled, mode: monitor (read only)
Nov 20 14:32:13 saitama kernel: battery: new extension: ThinkPad Battery Extension
Nov 20 14:32:13 saitama kernel: input: ThinkPad Extra Buttons as /devices/platform/thinkpad_acpi/input/input8
Nov 20 14:32:13 saitama kernel: usb 1-7: new full-speed USB device number 5 using xhci_hcd
Nov 20 14:32:13 saitama kernel: e1000e 0000:00:1f.6 0000:00:1f.6 (uninitialized): registered PHC clock
Nov 20 14:32:13 saitama kernel: e1000e 0000:00:1f.6 eth0: (PCI Express:2.5GT/s:Width x1) a8:1e:84:5d:36:45
Nov 20 14:32:13 saitama kernel: e1000e 0000:00:1f.6 eth0: Intel(R) PRO/1000 Network Connection
Nov 20 14:32:13 saitama kernel: e1000e 0000:00:1f.6 eth0: MAC: 12, PHY: 12, PBA No: FFFFFF-0FF
Nov 20 14:32:13 saitama kernel: usb 1-7: New USB device found, idVendor=8087, idProduct=0a2b, bcdDevice= 0.10
Nov 20 14:32:13 saitama kernel: usb 1-7: New USB device strings: Mfr=0, Product=0, SerialNumber=0
Nov 20 14:32:13 saitama kernel: psmouse serio1: elantech: assuming hardware version 4 (with firmware version 0x4d1f00)
Nov 20 14:32:13 saitama kernel: psmouse serio1: elantech: Synaptics capabilities query result 0x80, 0x14, 0x0c.
Nov 20 14:32:13 saitama kernel: psmouse serio1: elantech: Elan sample query result 00, 40, 85
Nov 20 14:32:13 saitama kernel: input: ETPS/2 Elantech TrackPoint as /devices/platform/i8042/serio1/input/input9
Nov 20 14:32:13 saitama kernel: input: ETPS/2 Elantech Touchpad as /devices/platform/i8042/serio1/input/input7
Nov 20 14:32:14 saitama kernel: Adding 36105420k swap on /dev/sda3.  Priority:-2 extents:1 across:36105420k SSDscFS
Nov 20 14:32:14 saitama systemd[1]: Activated swap /dev/disk/by-uuid/d0b55d6c-7491-40e4-a198-9dd619ba7dc2.
Nov 20 14:32:14 saitama systemd[1]: Reached target Swap.
Nov 20 14:32:14 saitama kernel: cryptd: max_cpu_qlen set to 1000
Nov 20 14:32:14 saitama systemd[1]: Listening on Load/Save RF Kill Switch Status /dev/rfkill Watch.
Nov 20 14:32:14 saitama systemd[1]: Starting Load/Save RF Kill Switch Status...
Nov 20 14:32:14 saitama audit[1]: SERVICE_START pid=1 uid=0 auid=4294967295 ses=4294967295 msg='unit=lvm2-monitor comm="systemd" exe="/usr/lib/systemd/systemd" hostname=? addr=? terminal=? res=success'
Nov 20 14:32:14 saitama systemd[1]: Started Monitoring of LVM2 mirrors, snapshots etc. using dmeventd or progress polling.
Nov 20 14:32:14 saitama systemd[1]: Reached target Local File Systems (Pre).
Nov 20 14:32:14 saitama systemd[1]: Starting File System Check on /dev/disk/by-uuid/DD39-85DA...
Nov 20 14:32:14 saitama systemd[1]: Mounting /tmp...
Nov 20 14:32:14 saitama mtp-probe[294]: checking bus 1, device 3: "/sys/devices/pci0000:00/0000:00:14.0/usb1/1-3"
Nov 20 14:32:14 saitama mtp-probe[294]: bus: 1, device: 3 was not an MTP device
Nov 20 14:32:14 saitama systemd[1]: Mounted /tmp.
Nov 20 14:32:14 saitama kernel: AVX2 version of gcm_enc/dec engaged.
Nov 20 14:32:14 saitama kernel: AES CTR mode by8 optimization enabled
Nov 20 14:32:14 saitama kernel: iTCO_vendor_support: vendor-support=0
Nov 20 14:32:14 saitama systemd-fsck[297]: fsck.fat 4.1 (2017-01-24)
Nov 20 14:32:14 saitama systemd-fsck[297]: /dev/sda1: 6 files, 66/76646 clusters
Nov 20 14:32:14 saitama systemd[1]: Started File System Check on /dev/disk/by-uuid/DD39-85DA.
Nov 20 14:32:14 saitama audit[1]: SERVICE_START pid=1 uid=0 auid=4294967295 ses=4294967295 msg='unit=systemd-fsck@dev-disk-by\x2duuid-DD39\x2d85DA comm="systemd" exe="/usr/lib/systemd/systemd" hostname=? addr=? terminal=? res=success'
Nov 20 14:32:14 saitama systemd[1]: Mounting /boot/efi...
Nov 20 14:32:14 saitama kernel: iTCO_wdt: Intel TCO WatchDog Timer Driver v1.11
Nov 20 14:32:14 saitama kernel: iTCO_wdt: Found a Intel PCH TCO device (Version=4, TCOBASE=0x0400)
Nov 20 14:32:14 saitama kernel: iTCO_wdt: initialized. heartbeat=30 sec (nowayout=0)
Nov 20 14:32:14 saitama kernel: media: Linux media interface: v0.10
Nov 20 14:32:14 saitama audit[1]: SERVICE_START pid=1 uid=0 auid=4294967295 ses=4294967295 msg='unit=systemd-rfkill comm="systemd" exe="/usr/lib/systemd/systemd" hostname=? addr=? terminal=? res=success'
Nov 20 14:32:14 saitama systemd[1]: Started Load/Save RF Kill Switch Status.
Nov 20 14:32:14 saitama kernel: Intel(R) Wireless WiFi driver for Linux
Nov 20 14:32:14 saitama kernel: Copyright(c) 2003- 2015 Intel Corporation
Nov 20 14:32:14 saitama kernel: iwlwifi 0000:03:00.0: enabling device (0000 -> 0002)
Nov 20 14:32:14 saitama kernel: iwlwifi 0000:03:00.0: loaded firmware version 36.7596afd4.0 op_mode iwlmvm
Nov 20 14:32:14 saitama kernel: videodev: Linux video capture interface: v2.00
Nov 20 14:32:14 saitama systemd-udevd[249]: link_config: autonegotiation is unset or enabled, the speed and duplex are not writable.
Nov 20 14:32:14 saitama kernel: e1000e 0000:00:1f.6 enp0s31f6: renamed from eth0
Nov 20 14:32:14 saitama mtp-probe[318]: checking bus 1, device 4: "/sys/devices/pci0000:00/0000:00:14.0/usb1/1-4"
Nov 20 14:32:14 saitama systemd[1]: Mounted /boot/efi.
Nov 20 14:32:14 saitama mtp-probe[318]: bus: 1, device: 4 was not an MTP device
Nov 20 14:32:14 saitama systemd[1]: Reached target Local File Systems.
Nov 20 14:32:14 saitama systemd[1]: Starting Rebuild Journal Catalog...
Nov 20 14:32:14 saitama systemd[1]: Starting Create Volatile Files and Directories...
Nov 20 14:32:14 saitama kernel: VFIO - User Level meta-driver version: 0.3
Nov 20 14:32:14 saitama systemd[1]: Starting Rebuild Dynamic Linker Cache...
Nov 20 14:32:14 saitama systemd-udevd[251]: Process '/usr/bin/set-wireless-regdom' failed with exit code 1.
Nov 20 14:32:14 saitama audit[1]: SERVICE_START pid=1 uid=0 auid=4294967295 ses=4294967295 msg='unit=systemd-journal-catalog-update comm="systemd" exe="/usr/lib/systemd/systemd" hostname=? addr=? terminal=? res=success'
Nov 20 14:32:14 saitama systemd[1]: Started Rebuild Journal Catalog.
Nov 20 14:32:14 saitama audit[1]: SERVICE_START pid=1 uid=0 auid=4294967295 ses=4294967295 msg='unit=systemd-tmpfiles-setup comm="systemd" exe="/usr/lib/systemd/systemd" hostname=? addr=? terminal=? res=success'
Nov 20 14:32:14 saitama systemd[1]: Started Create Volatile Files and Directories.
Nov 20 14:32:14 saitama systemd[1]: Starting Update UTMP about System Boot/Shutdown...
Nov 20 14:32:14 saitama audit[342]: SYSTEM_BOOT pid=342 uid=0 auid=4294967295 ses=4294967295 msg=' comm="systemd-update-utmp" exe="/usr/lib/systemd/systemd-update-utmp" hostname=? addr=? terminal=? res=success'
Nov 20 14:32:14 saitama systemd[1]: Started Update UTMP about System Boot/Shutdown.
Nov 20 14:32:14 saitama audit[1]: SERVICE_START pid=1 uid=0 auid=4294967295 ses=4294967295 msg='unit=systemd-update-utmp comm="systemd" exe="/usr/lib/systemd/systemd" hostname=? addr=? terminal=? res=success'
Nov 20 14:32:14 saitama systemd-udevd[259]: Process '/usr/bin/alsactl restore 29' failed with exit code 99.
Nov 20 14:32:14 saitama mtp-probe[339]: checking bus 1, device 4: "/sys/devices/pci0000:00/0000:00:14.0/usb1/1-4"
Nov 20 14:32:14 saitama mtp-probe[339]: bus: 1, device: 4 was not an MTP device
Nov 20 14:32:14 saitama kernel: mousedev: PS/2 mouse device common for all mice
Nov 20 14:32:14 saitama audit[1]: SERVICE_START pid=1 uid=0 auid=4294967295 ses=4294967295 msg='unit=ldconfig comm="systemd" exe="/usr/lib/systemd/systemd" hostname=? addr=? terminal=? res=success'
Nov 20 14:32:14 saitama systemd[1]: Started Rebuild Dynamic Linker Cache.
Nov 20 14:32:14 saitama systemd[1]: Starting Update is Completed...
Nov 20 14:32:14 saitama audit[1]: SERVICE_START pid=1 uid=0 auid=4294967295 ses=4294967295 msg='unit=systemd-update-done comm="systemd" exe="/usr/lib/systemd/systemd" hostname=? addr=? terminal=? res=success'
Nov 20 14:32:14 saitama systemd[1]: Started Update is Completed.
Nov 20 14:32:14 saitama systemd[1]: Reached target System Initialization.
Nov 20 14:32:14 saitama systemd[1]: Started Daily man-db cache update.
Nov 20 14:32:14 saitama systemd[1]: Started Daily verification of password and group files.
Nov 20 14:32:14 saitama systemd[1]: Started Daily locate database update.
Nov 20 14:32:14 saitama systemd[1]: Listening on D-Bus System Message Bus Socket.
Nov 20 14:32:14 saitama systemd[1]: Started CUPS Scheduler.
Nov 20 14:32:14 saitama systemd[1]: Reached target Paths.
Nov 20 14:32:14 saitama systemd[1]: Started Generate mirrorlist weekly.
Nov 20 14:32:14 saitama systemd[1]: Started Monthly clean packages cache.
Nov 20 14:32:14 saitama systemd[1]: Starting Mark boot as indeterminate...
Nov 20 14:32:14 saitama systemd[1]: Listening on Avahi mDNS/DNS-SD Stack Activation Socket.
Nov 20 14:32:14 saitama systemd[1]: Started Daily rotation of log files.
Nov 20 14:32:14 saitama audit[1]: SERVICE_START pid=1 uid=0 auid=4294967295 ses=4294967295 msg='unit=cronie comm="systemd" exe="/usr/lib/systemd/systemd" hostname=? addr=? terminal=? res=success'
Nov 20 14:32:14 saitama systemd[1]: Listening on CUPS Scheduler.
Nov 20 14:32:14 saitama systemd[1]: Reached target Sockets.
Nov 20 14:32:14 saitama systemd[1]: Reached target Basic System.
Nov 20 14:32:14 saitama systemd[1]: Starting Avahi mDNS/DNS-SD Stack...
Nov 20 14:32:14 saitama systemd[1]: Started Periodic Command Scheduler.
Nov 20 14:32:14 saitama systemd[1]: Started D-Bus System Message Bus.
Nov 20 14:32:14 saitama crond[367]: (CRON) STARTUP (1.5.2)
Nov 20 14:32:14 saitama crond[367]: (CRON) INFO (Syslog will be used instead of sendmail.)
Nov 20 14:32:14 saitama crond[367]: (CRON) INFO (RANDOM_DELAY will be scaled with factor 80% if used.)
Nov 20 14:32:14 saitama audit[1]: SERVICE_START pid=1 uid=0 auid=4294967295 ses=4294967295 msg='unit=dbus comm="systemd" exe="/usr/lib/systemd/systemd" hostname=? addr=? terminal=? res=success'
Nov 20 14:32:14 saitama crond[367]: (CRON) INFO (running with inotify support)
Nov 20 14:32:14 saitama systemd[1]: Starting Network Manager...
Nov 20 14:32:14 saitama avahi-daemon[366]: Found user 'avahi' (UID 978) and group 'avahi' (GID 978).
Nov 20 14:32:14 saitama systemd[1]: Starting Login Service...
Nov 20 14:32:14 saitama systemd[1]: Reached target Sound Card.
Nov 20 14:32:14 saitama dbus-daemon[368]: dbus[368]: Unknown username "systemd-resolve" in message bus configuration file
Nov 20 14:32:14 saitama systemd[1]: Starting Modem Manager...
Nov 20 14:32:14 saitama systemd[1]: Started Daily Cleanup of Temporary Directories.
Nov 20 14:32:14 saitama dbus-daemon[368]: dbus[368]: Unknown username "systemd-timesync" in message bus configuration file
Nov 20 14:32:14 saitama systemd[1]: Reached target Timers.
Nov 20 14:32:14 saitama dbus-daemon[368]: dbus[368]: Unknown username "systemd-network" in message bus configuration file
Nov 20 14:32:14 saitama kernel: uvcvideo: Found UVC 1.00 device Integrated Camera (04f2:b5bb)
Nov 20 14:32:14 saitama systemd-logind[370]: New seat seat0.
Nov 20 14:32:14 saitama systemd-logind[370]: Watching system buttons on /dev/input/event3 (Power Button)
Nov 20 14:32:14 saitama systemd-logind[370]: Watching system buttons on /dev/input/event1 (Power Button)
Nov 20 14:32:14 saitama systemd-logind[370]: Watching system buttons on /dev/input/event0 (Lid Switch)
Nov 20 14:32:14 saitama systemd-logind[370]: Watching system buttons on /dev/input/event2 (Sleep Button)
Nov 20 14:32:14 saitama systemd-logind[370]: Watching system buttons on /dev/input/event4 (AT Translated Set 2 keyboard)
Nov 20 14:32:14 saitama systemd-logind[370]: Watching system buttons on /dev/input/event6 (ThinkPad Extra Buttons)
Nov 20 14:32:14 saitama ModemManager[371]: <info>  ModemManager (version 1.8.2) starting in system bus...
Nov 20 14:32:14 saitama kernel: checking generic (e0000000 410000) vs hw (e0000000 10000000)
Nov 20 14:32:14 saitama kernel: fb: switching to inteldrmfb from EFI VGA
Nov 20 14:32:14 saitama kernel: [drm] Replacing VGA console driver
Nov 20 14:32:14 saitama kernel: [drm] Supports vblank timestamp caching Rev 2 (21.10.2013).
Nov 20 14:32:14 saitama kernel: [drm] Driver supports precise vblank timestamp query.
Nov 20 14:32:14 saitama kernel: i915 0000:00:02.0: vgaarb: changed VGA decodes: olddecodes=io+mem,decodes=io+mem:owns=io+mem
Nov 20 14:32:14 saitama kernel: iwlwifi 0000:03:00.0: Detected Intel(R) Dual Band Wireless AC 8265, REV=0x230
Nov 20 14:32:14 saitama kernel: [drm] Finished loading DMC firmware i915/kbl_dmc_ver1_04.bin (v1.4)
Nov 20 14:32:14 saitama kernel: uvcvideo 1-3:1.0: Entity type for entity Extension 4 was not initialized!
Nov 20 14:32:14 saitama kernel: uvcvideo 1-3:1.0: Entity type for entity Processing 2 was not initialized!
Nov 20 14:32:14 saitama kernel: uvcvideo 1-3:1.0: Entity type for entity Camera 1 was not initialized!
Nov 20 14:32:14 saitama kernel: input: Integrated Camera: Integrated C as /devices/pci0000:00/0000:00:14.0/usb1/1-3/1-3:1.0/input/input10
Nov 20 14:32:14 saitama kernel: usbcore: registered new interface driver uvcvideo
Nov 20 14:32:14 saitama kernel: USB Video Class driver (1.1.1)
Nov 20 14:32:14 saitama systemd[1]: Started Login Service.
Nov 20 14:32:14 saitama systemd[1]: Started Mark boot as indeterminate.
Nov 20 14:32:14 saitama audit[1]: SERVICE_START pid=1 uid=0 auid=4294967295 ses=4294967295 msg='unit=systemd-logind comm="systemd" exe="/usr/lib/systemd/systemd" hostname=? addr=? terminal=? res=success'
Nov 20 14:32:14 saitama audit[1]: SERVICE_START pid=1 uid=0 auid=4294967295 ses=4294967295 msg='unit=grub-boot-indeterminate comm="systemd" exe="/usr/lib/systemd/systemd" hostname=? addr=? terminal=? res=success'
Nov 20 14:32:14 saitama audit[1]: SERVICE_STOP pid=1 uid=0 auid=4294967295 ses=4294967295 msg='unit=grub-boot-indeterminate comm="systemd" exe="/usr/lib/systemd/systemd" hostname=? addr=? terminal=? res=success'
Nov 20 14:32:14 saitama systemd[1]: Reached target Offline System Update (Pre).
Nov 20 14:32:14 saitama avahi-daemon[366]: Successfully dropped root privileges.
Nov 20 14:32:14 saitama avahi-daemon[366]: avahi-daemon 0.7 starting up.
Nov 20 14:32:14 saitama systemd[1]: Started Avahi mDNS/DNS-SD Stack.
Nov 20 14:32:14 saitama audit[1]: SERVICE_START pid=1 uid=0 auid=4294967295 ses=4294967295 msg='unit=avahi-daemon comm="systemd" exe="/usr/lib/systemd/systemd" hostname=? addr=? terminal=? res=success'
Nov 20 14:32:14 saitama avahi-daemon[366]: Successfully called chroot().
Nov 20 14:32:14 saitama avahi-daemon[366]: Successfully dropped remaining capabilities.
Nov 20 14:32:14 saitama avahi-daemon[366]: No service file found in /etc/avahi/services.
Nov 20 14:32:14 saitama avahi-daemon[366]: Network interface enumeration completed.
Nov 20 14:32:14 saitama avahi-daemon[366]: Server startup complete. Host name is saitama.local. Local service cookie is 1038727250.
Nov 20 14:32:14 saitama dbus-daemon[368]: [system] Activating via systemd: service name='org.freedesktop.PolicyKit1' unit='polkit.service' requested by ':1.3' (uid=0 pid=371 comm="/usr/bin/ModemManager ")
Nov 20 14:32:14 saitama mtp-probe[379]: checking bus 1, device 3: "/sys/devices/pci0000:00/0000:00:14.0/usb1/1-3"
Nov 20 14:32:14 saitama mtp-probe[379]: bus: 1, device: 3 was not an MTP device
Nov 20 14:32:14 saitama systemd[1]: Starting Authorization Manager...
Nov 20 14:32:14 saitama kernel: intel_rapl: Found RAPL domain package
Nov 20 14:32:14 saitama kernel: intel_rapl: Found RAPL domain core
Nov 20 14:32:14 saitama kernel: intel_rapl: Found RAPL domain uncore
Nov 20 14:32:14 saitama kernel: intel_rapl: Found RAPL domain dram
Nov 20 14:32:14 saitama kernel: Bluetooth: Core ver 2.22
Nov 20 14:32:14 saitama kernel: NET: Registered protocol family 31
Nov 20 14:32:14 saitama kernel: Bluetooth: HCI device and connection manager initialized
Nov 20 14:32:14 saitama kernel: Bluetooth: HCI socket layer initialized
Nov 20 14:32:14 saitama kernel: Bluetooth: L2CAP socket layer initialized
Nov 20 14:32:14 saitama kernel: Bluetooth: SCO socket layer initialized
Nov 20 14:32:14 saitama kernel: [drm] Initialized i915 1.6.0 20180719 for 0000:00:02.0 on minor 0
Nov 20 14:32:14 saitama kernel: ACPI: Video Device [GFX0] (multi-head: yes  rom: no  post: no)
Nov 20 14:32:14 saitama kernel: input: Video Bus as /devices/LNXSYSTM:00/LNXSYBUS:00/PNP0A08:00/LNXVIDEO:00/input/input11
Nov 20 14:32:14 saitama kernel: snd_hda_intel 0000:00:1f.3: bound 0000:00:02.0 (ops i915_audio_component_bind_ops [i915])
Nov 20 14:32:14 saitama kernel: usbcore: registered new interface driver btusb
Nov 20 14:32:14 saitama polkitd[382]: Started polkitd version 0.114
Nov 20 14:32:14 saitama kernel: Bluetooth: hci0: Bootloader revision 0.0 build 26 week 38 2015
Nov 20 14:32:14 saitama kernel: Bluetooth: hci0: Device revision is 16
Nov 20 14:32:14 saitama kernel: Bluetooth: hci0: Secure boot is enabled
Nov 20 14:32:14 saitama kernel: Bluetooth: hci0: OTP lock is enabled
Nov 20 14:32:14 saitama kernel: Bluetooth: hci0: API lock is enabled
Nov 20 14:32:14 saitama kernel: Bluetooth: hci0: Debug lock is disabled
Nov 20 14:32:14 saitama kernel: Bluetooth: hci0: Minimum firmware build 1 week 10 2014
Nov 20 14:32:14 saitama kernel: Bluetooth: hci0: Found device firmware: intel/ibt-12-16.sfi
Nov 20 14:32:14 saitama systemd[1]: Starting Bluetooth service...
Nov 20 14:32:14 saitama kernel: iwlwifi 0000:03:00.0: base HW address: 00:28:f8:54:16:54
Nov 20 14:32:14 saitama bluetoothd[400]: Bluetooth daemon 5.50
Nov 20 14:32:14 saitama systemd[1]: Started Bluetooth service.
Nov 20 14:32:14 saitama audit[1]: SERVICE_START pid=1 uid=0 auid=4294967295 ses=4294967295 msg='unit=bluetooth comm="systemd" exe="/usr/lib/systemd/systemd" hostname=? addr=? terminal=? res=success'
Nov 20 14:32:14 saitama systemd[1]: Reached target Bluetooth.
Nov 20 14:32:14 saitama bluetoothd[400]: Starting SDP server
Nov 20 14:32:14 saitama systemd[1]: Created slice system-systemd\x2dbacklight.slice.
Nov 20 14:32:14 saitama systemd[1]: Starting Load/Save Screen Backlight Brightness of backlight:intel_backlight...
Nov 20 14:32:14 saitama NetworkManager[369]: <info>  [1542717134.6574] NetworkManager (version 1.14.4-1) is starting... (for the first time)
Nov 20 14:32:14 saitama NetworkManager[369]: <info>  [1542717134.6575] Read config: /etc/NetworkManager/NetworkManager.conf (lib: 20-connectivity.conf)
Nov 20 14:32:14 saitama kernel: Bluetooth: BNEP (Ethernet Emulation) ver 1.3
Nov 20 14:32:14 saitama kernel: Bluetooth: BNEP filters: protocol multicast
Nov 20 14:32:14 saitama kernel: Bluetooth: BNEP socket layer initialized
Nov 20 14:32:14 saitama bluetoothd[400]: Bluetooth management interface 1.14 initialized
Nov 20 14:32:14 saitama dbus-daemon[368]: [system] Activating via systemd: service name='org.freedesktop.hostname1' unit='dbus-org.freedesktop.hostname1.service' requested by ':1.6' (uid=0 pid=400 comm="/usr/lib/bluetooth/bluetoothd ")
Nov 20 14:32:14 saitama systemd[1]: Starting Hostname Service...
Nov 20 14:32:14 saitama NetworkManager[369]: <info>  [1542717134.6669] bus-manager: acquired D-Bus service "org.freedesktop.NetworkManager"
Nov 20 14:32:14 saitama systemd[1]: Started Network Manager.
Nov 20 14:32:14 saitama audit[1]: SERVICE_START pid=1 uid=0 auid=4294967295 ses=4294967295 msg='unit=NetworkManager comm="systemd" exe="/usr/lib/systemd/systemd" hostname=? addr=? terminal=? res=success'
Nov 20 14:32:14 saitama systemd[1]: Reached target Network.
Nov 20 14:32:14 saitama NetworkManager[369]: <info>  [1542717134.6683] manager[0x55fafc1120c0]: monitoring kernel firmware directory '/lib/firmware'.
Nov 20 14:32:14 saitama systemd[1]: Starting Permit User Sessions...
Nov 20 14:32:14 saitama systemd[1]: Started Permit User Sessions.
Nov 20 14:32:14 saitama audit[1]: SERVICE_START pid=1 uid=0 auid=4294967295 ses=4294967295 msg='unit=systemd-user-sessions comm="systemd" exe="/usr/lib/systemd/systemd" hostname=? addr=? terminal=? res=success'
Nov 20 14:32:14 saitama systemd[1]: Starting Light Display Manager...
Nov 20 14:32:14 saitama systemd-udevd[252]: link_config: autonegotiation is unset or enabled, the speed and duplex are not writable.
Nov 20 14:32:14 saitama kernel: ieee80211 phy0: Selected rate control algorithm 'iwl-mvm-rs'
Nov 20 14:32:14 saitama kernel: thermal thermal_zone3: failed to read out thermal zone (-61)
Nov 20 14:32:14 saitama kernel: iwlwifi 0000:03:00.0 wlp3s0: renamed from wlan0
Nov 20 14:32:14 saitama kernel: random: crng init done
Nov 20 14:32:14 saitama kernel: random: 7 urandom warning(s) missed due to ratelimiting
Nov 20 14:32:14 saitama kernel: fbcon: inteldrmfb (fb0) is primary device
Nov 20 14:32:14 saitama kernel: fbcon: Deferring console take-over
Nov 20 14:32:14 saitama kernel: i915 0000:00:02.0: fb0: inteldrmfb frame buffer device
Nov 20 14:32:14 saitama systemd[1]: Started Load/Save Screen Backlight Brightness of backlight:intel_backlight.
Nov 20 14:32:14 saitama audit[1]: SERVICE_START pid=1 uid=0 auid=4294967295 ses=4294967295 msg='unit=systemd-backlight@backlight:intel_backlight comm="systemd" exe="/usr/lib/systemd/systemd" hostname=? addr=? terminal=? res=success'
Nov 20 14:32:14 saitama systemd[1]: Started Light Display Manager.
Nov 20 14:32:14 saitama dbus-daemon[368]: [system] Activating via systemd: service name='org.freedesktop.Accounts' unit='accounts-daemon.service' requested by ':1.9' (uid=0 pid=449 comm="/usr/bin/lightdm ")
Nov 20 14:32:14 saitama audit[1]: SERVICE_START pid=1 uid=0 auid=4294967295 ses=4294967295 msg='unit=lightdm comm="systemd" exe="/usr/lib/systemd/systemd" hostname=? addr=? terminal=? res=success'
Nov 20 14:32:14 saitama systemd[1]: Reached target User and Group Name Lookups.
Nov 20 14:32:14 saitama systemd[1]: Starting Accounts Service...
Nov 20 14:32:14 saitama kernel: thinkpad_acpi: battery 1 registered (start 0, stop 100)
Nov 20 14:32:14 saitama kernel: battery: ACPI: Battery Slot [BAT1] (battery present)
Nov 20 14:32:14 saitama polkitd[382]: Loading rules from directory /etc/polkit-1/rules.d
Nov 20 14:32:14 saitama polkitd[382]: Loading rules from directory /usr/share/polkit-1/rules.d
Nov 20 14:32:14 saitama polkitd[382]: Finished loading, compiling and executing 6 rules
Nov 20 14:32:14 saitama dbus-daemon[368]: [system] Successfully activated service 'org.freedesktop.PolicyKit1'
Nov 20 14:32:14 saitama systemd[1]: Started Authorization Manager.
Nov 20 14:32:14 saitama audit[1]: SERVICE_START pid=1 uid=0 auid=4294967295 ses=4294967295 msg='unit=polkit comm="systemd" exe="/usr/lib/systemd/systemd" hostname=? addr=? terminal=? res=success'
Nov 20 14:32:14 saitama polkitd[382]: Acquired the name org.freedesktop.PolicyKit1 on the system bus
Nov 20 14:32:14 saitama accounts-daemon[470]: started daemon version 0.6.54
Nov 20 14:32:14 saitama dbus-daemon[368]: [system] Successfully activated service 'org.freedesktop.Accounts'
Nov 20 14:32:14 saitama systemd[1]: Started Accounts Service.
Nov 20 14:32:14 saitama audit[1]: SERVICE_START pid=1 uid=0 auid=4294967295 ses=4294967295 msg='unit=accounts-daemon comm="systemd" exe="/usr/lib/systemd/systemd" hostname=? addr=? terminal=? res=success'
Nov 20 14:32:14 saitama audit[1]: SERVICE_START pid=1 uid=0 auid=4294967295 ses=4294967295 msg='unit=ModemManager comm="systemd" exe="/usr/lib/systemd/systemd" hostname=? addr=? terminal=? res=success'
Nov 20 14:32:14 saitama systemd[1]: Started Modem Manager.
Nov 20 14:32:14 saitama systemd[1]: Reached target Multi-User System.
Nov 20 14:32:14 saitama systemd[1]: Reached target Graphical Interface.
Nov 20 14:32:14 saitama systemd[1]: Starting TLP system startup/shutdown...
Nov 20 14:32:14 saitama kernel: snd_hda_codec_realtek hdaudioC0D0: autoconfig for ALC298: line_outs=1 (0x14/0x0/0x0/0x0/0x0) type:speaker
Nov 20 14:32:14 saitama kernel: snd_hda_codec_realtek hdaudioC0D0:    speaker_outs=0 (0x0/0x0/0x0/0x0/0x0)
Nov 20 14:32:14 saitama kernel: snd_hda_codec_realtek hdaudioC0D0:    hp_outs=1 (0x21/0x0/0x0/0x0/0x0)
Nov 20 14:32:14 saitama kernel: snd_hda_codec_realtek hdaudioC0D0:    mono: mono_out=0x0
Nov 20 14:32:14 saitama kernel: snd_hda_codec_realtek hdaudioC0D0:    inputs:
Nov 20 14:32:14 saitama kernel: snd_hda_codec_realtek hdaudioC0D0:      Mic=0x18
Nov 20 14:32:14 saitama kernel: snd_hda_codec_realtek hdaudioC0D0:      Internal Mic=0x12
Nov 20 14:32:14 saitama dbus-daemon[368]: [system] Successfully activated service 'org.freedesktop.hostname1'
Nov 20 14:32:14 saitama audit[1]: SERVICE_START pid=1 uid=0 auid=4294967295 ses=4294967295 msg='unit=systemd-hostnamed comm="systemd" exe="/usr/lib/systemd/systemd" hostname=? addr=? terminal=? res=success'
Nov 20 14:32:14 saitama systemd[1]: Started Hostname Service.
Nov 20 14:32:14 saitama systemd-udevd[263]: Process '/usr/bin/tlp auto' failed with exit code 4.
Nov 20 14:32:14 saitama NetworkManager[369]: <info>  [1542717134.7761] hostname: hostname: using hostnamed
Nov 20 14:32:14 saitama NetworkManager[369]: <info>  [1542717134.7762] hostname: hostname changed from (none) to "saitama"
Nov 20 14:32:14 saitama NetworkManager[369]: <info>  [1542717134.7763] dns-mgr[0x55fafc11c130]: init: dns=default, rc-manager=symlink
Nov 20 14:32:14 saitama NetworkManager[369]: <info>  [1542717134.7771] rfkill2: found WiFi radio killswitch (at /sys/devices/pci0000:00/0000:00:1c.3/0000:03:00.0/ieee80211/phy0/rfkill2) (driver iwlwifi)
Nov 20 14:32:14 saitama NetworkManager[369]: <info>  [1542717134.7773] manager[0x55fafc1120c0]: rfkill: WiFi hardware radio set enabled
Nov 20 14:32:14 saitama NetworkManager[369]: <info>  [1542717134.7773] manager[0x55fafc1120c0]: rfkill: WWAN hardware radio set enabled
Nov 20 14:32:14 saitama dbus-daemon[368]: [system] Activating via systemd: service name='org.freedesktop.nm_dispatcher' unit='dbus-org.freedesktop.nm-dispatcher.service' requested by ':1.8' (uid=0 pid=369 comm="/usr/bin/NetworkManager --no-daemon ")
Nov 20 14:32:14 saitama systemd[1]: Starting Network Manager Script Dispatcher Service...
Nov 20 14:32:14 saitama dbus-daemon[368]: [system] Successfully activated service 'org.freedesktop.nm_dispatcher'
Nov 20 14:32:14 saitama systemd[1]: Started Network Manager Script Dispatcher Service.
Nov 20 14:32:14 saitama audit[1]: SERVICE_START pid=1 uid=0 auid=4294967295 ses=4294967295 msg='unit=NetworkManager-dispatcher comm="systemd" exe="/usr/lib/systemd/systemd" hostname=? addr=? terminal=? res=success'
Nov 20 14:32:14 saitama NetworkManager[369]: <info>  [1542717134.8014] settings: Loaded settings plugin: NMSKeyfilePlugin (internal)
Nov 20 14:32:14 saitama NetworkManager[369]: <info>  [1542717134.8034] settings: Loaded settings plugin: NMSIbftPlugin ("/usr/lib/NetworkManager/1.14.4-1/libnm-settings-plugin-ibft.so")
Nov 20 14:32:14 saitama NetworkManager[369]: <info>  [1542717134.8065] keyfile: new connection /etc/NetworkManager/system-connections/tebeka.nmconnection (b5611061-1464-432d-8e23-6927693b4501,"tebeka")
Nov 20 14:32:14 saitama NetworkManager[369]: <info>  [1542717134.8084] manager: rfkill: WiFi enabled by radio killswitch; enabled by state file
Nov 20 14:32:14 saitama NetworkManager[369]: <info>  [1542717134.8085] manager: rfkill: WWAN enabled by radio killswitch; enabled by state file
Nov 20 14:32:14 saitama NetworkManager[369]: <info>  [1542717134.8088] manager: Networking is enabled by state file
Nov 20 14:32:14 saitama NetworkManager[369]: <info>  [1542717134.8089] dhcp-init: Using DHCP client 'internal'
Nov 20 14:32:14 saitama nm-dispatcher[531]: req:1 'hostname': new request (0 scripts)
Nov 20 14:32:14 saitama nm-dispatcher[531]: req:1 'hostname': completed: no scripts
Nov 20 14:32:14 saitama NetworkManager[369]: <info>  [1542717134.8111] Loaded device plugin: NMAtmManager (/usr/lib/NetworkManager/1.14.4-1/libnm-device-plugin-adsl.so)
Nov 20 14:32:14 saitama kernel: input: HDA Digital PCBeep as /devices/pci0000:00/0000:00:1f.3/sound/card0/input12
Nov 20 14:32:14 saitama kernel: input: HDA Intel PCH Mic as /devices/pci0000:00/0000:00:1f.3/sound/card0/input13
Nov 20 14:32:14 saitama NetworkManager[369]: <info>  [1542717134.8149] Loaded device plugin: NMBluezManager (/usr/lib/NetworkManager/1.14.4-1/libnm-device-plugin-bluetooth.so)
Nov 20 14:32:14 saitama kernel: input: HDA Intel PCH Headphone as /devices/pci0000:00/0000:00:1f.3/sound/card0/input14
Nov 20 14:32:14 saitama kernel: input: HDA Intel PCH HDMI/DP,pcm=3 as /devices/pci0000:00/0000:00:1f.3/sound/card0/input15
Nov 20 14:32:14 saitama kernel: input: HDA Intel PCH HDMI/DP,pcm=7 as /devices/pci0000:00/0000:00:1f.3/sound/card0/input16
Nov 20 14:32:14 saitama kernel: input: HDA Intel PCH HDMI/DP,pcm=8 as /devices/pci0000:00/0000:00:1f.3/sound/card0/input17
Nov 20 14:32:14 saitama kernel: input: HDA Intel PCH HDMI/DP,pcm=9 as /devices/pci0000:00/0000:00:1f.3/sound/card0/input18
Nov 20 14:32:14 saitama kernel: input: HDA Intel PCH HDMI/DP,pcm=10 as /devices/pci0000:00/0000:00:1f.3/sound/card0/input19
Nov 20 14:32:14 saitama NetworkManager[369]: <info>  [1542717134.8160] Loaded device plugin: NMWifiFactory (/usr/lib/NetworkManager/1.14.4-1/libnm-device-plugin-wifi.so)
Nov 20 14:32:14 saitama NetworkManager[369]: <info>  [1542717134.8172] Loaded device plugin: NMOvsFactory (/usr/lib/NetworkManager/1.14.4-1/libnm-device-plugin-ovs.so)
Nov 20 14:32:14 saitama NetworkManager[369]: <info>  [1542717134.8178] Loaded device plugin: NMWwanFactory (/usr/lib/NetworkManager/1.14.4-1/libnm-device-plugin-wwan.so)
Nov 20 14:32:14 saitama systemd-udevd[254]: Process '/usr/bin/alsactl restore 0' failed with exit code 99.
Nov 20 14:32:14 saitama NetworkManager[369]: <info>  [1542717134.8247] Loaded device plugin: NMTeamFactory (/usr/lib/NetworkManager/1.14.4-1/libnm-device-plugin-team.so)
Nov 20 14:32:14 saitama NetworkManager[369]: <info>  [1542717134.8288] wifi-nl80211: (wlp3s0): using nl80211 for WiFi device control
Nov 20 14:32:14 saitama NetworkManager[369]: <info>  [1542717134.8295] device (lo): carrier: link connected
Nov 20 14:32:14 saitama NetworkManager[369]: <info>  [1542717134.8297] manager: (lo): new Generic device (/org/freedesktop/NetworkManager/Devices/1)
Nov 20 14:32:14 saitama NetworkManager[369]: <info>  [1542717134.8304] manager: (enp0s31f6): new Ethernet device (/org/freedesktop/NetworkManager/Devices/2)
Nov 20 14:32:14 saitama NetworkManager[369]: <info>  [1542717134.8317] keyfile: add connection /var/run/NetworkManager/system-connections/Wired connection 1.nmconnection (97121d9f-89d9-3be3-a1a1-c3a5605157a6,"Wired connection 1")
Nov 20 14:32:14 saitama NetworkManager[369]: <info>  [1542717134.8320] settings: (enp0s31f6): created default wired connection 'Wired connection 1'
Nov 20 14:32:14 saitama NetworkManager[369]: <info>  [1542717134.8329] device (enp0s31f6): state change: unmanaged -> unavailable (reason 'managed', sys-iface-state: 'external')
Nov 20 14:32:14 saitama kernel: IPv6: ADDRCONF(NETDEV_UP): enp0s31f6: link is not ready
Nov 20 14:32:15 saitama NetworkManager[369]: <info>  [1542717135.0469] device (wlp3s0): driver supports Access Point (AP) mode
Nov 20 14:32:15 saitama NetworkManager[369]: <info>  [1542717135.0472] manager: (wlp3s0): new 802.11 WiFi device (/org/freedesktop/NetworkManager/Devices/3)
Nov 20 14:32:15 saitama kernel: IPv6: ADDRCONF(NETDEV_UP): enp0s31f6: link is not ready
Nov 20 14:32:15 saitama NetworkManager[369]: <info>  [1542717135.0562] ovsdb: Could not connect: No such file or directory
Nov 20 14:32:15 saitama dbus-daemon[368]: [system] Activating via systemd: service name='fi.w1.wpa_supplicant1' unit='wpa_supplicant.service' requested by ':1.8' (uid=0 pid=369 comm="/usr/bin/NetworkManager --no-daemon ")
Nov 20 14:32:15 saitama NetworkManager[369]: <info>  [1542717135.0571] bluez: use BlueZ version 5
Nov 20 14:32:15 saitama systemd[1]: Starting WPA supplicant...
Nov 20 14:32:15 saitama NetworkManager[369]: <info>  [1542717135.0597] device (wlp3s0): state change: unmanaged -> unavailable (reason 'managed', sys-iface-state: 'external')
Nov 20 14:32:15 saitama kernel: IPv6: ADDRCONF(NETDEV_UP): wlp3s0: link is not ready
Nov 20 14:32:15 saitama dbus-daemon[368]: [system] Successfully activated service 'fi.w1.wpa_supplicant1'
Nov 20 14:32:15 saitama audit[1]: SERVICE_START pid=1 uid=0 auid=4294967295 ses=4294967295 msg='unit=wpa_supplicant comm="systemd" exe="/usr/lib/systemd/systemd" hostname=? addr=? terminal=? res=success'
Nov 20 14:32:15 saitama systemd[1]: Started WPA supplicant.
Nov 20 14:32:15 saitama wpa_supplicant[591]: Successfully initialized wpa_supplicant
Nov 20 14:32:15 saitama tlp[487]: Applying power save settings...done.
Nov 20 14:32:15 saitama tlp[487]: Setting battery charge thresholds...done.
Nov 20 14:32:15 saitama systemd[1]: Started TLP system startup/shutdown.
Nov 20 14:32:15 saitama audit[1]: SERVICE_START pid=1 uid=0 auid=4294967295 ses=4294967295 msg='unit=tlp comm="systemd" exe="/usr/lib/systemd/systemd" hostname=? addr=? terminal=? res=success'
Nov 20 14:32:15 saitama systemd[1]: Startup finished in 6.074s (firmware) + 1.248s (loader) + 1.941s (kernel) + 2.660s (userspace) = 11.925s.
Nov 20 14:32:15 saitama kernel: IPv6: ADDRCONF(NETDEV_UP): wlp3s0: link is not ready
Nov 20 14:32:15 saitama NetworkManager[369]: <info>  [1542717135.2886] device (wlp3s0): set-hw-addr: set MAC address to 9A:A9:D9:36:33:26 (scanning)
Nov 20 14:32:15 saitama kernel: IPv6: ADDRCONF(NETDEV_UP): wlp3s0: link is not ready
Nov 20 14:32:15 saitama NetworkManager[369]: <info>  [1542717135.5030] modem-manager: ModemManager available
Nov 20 14:32:15 saitama nm-dispatcher[531]: req:2 'connectivity-change': new request (0 scripts)
Nov 20 14:32:15 saitama NetworkManager[369]: <info>  [1542717135.5039] supplicant: wpa_supplicant running
Nov 20 14:32:15 saitama nm-dispatcher[531]: req:2 'connectivity-change': completed: no scripts
Nov 20 14:32:15 saitama NetworkManager[369]: <info>  [1542717135.5039] device (wlp3s0): supplicant interface state: init -> starting
Nov 20 14:32:15 saitama NetworkManager[369]: <info>  [1542717135.5684] sup-iface[0x55fafc114180,wlp3s0]: supports 5 scan SSIDs
Nov 20 14:32:15 saitama NetworkManager[369]: <info>  [1542717135.5702] device (wlp3s0): supplicant interface state: starting -> ready
Nov 20 14:32:15 saitama NetworkManager[369]: <info>  [1542717135.5703] device (wlp3s0): state change: unavailable -> disconnected (reason 'supplicant-available', sys-iface-state: 'managed')
Nov 20 14:32:15 saitama kernel: IPv6: ADDRCONF(NETDEV_UP): wlp3s0: link is not ready
Nov 20 14:32:16 saitama kernel: Bluetooth: hci0: Waiting for firmware download to complete
Nov 20 14:32:16 saitama kernel: Bluetooth: hci0: Firmware loaded in 1662871 usecs
Nov 20 14:32:16 saitama kernel: Bluetooth: hci0: Waiting for device to boot
Nov 20 14:32:16 saitama kernel: Bluetooth: hci0: Device booted in 11971 usecs
Nov 20 14:32:16 saitama kernel: Bluetooth: hci0: Found Intel DDC parameters: intel/ibt-12-16.ddc
Nov 20 14:32:16 saitama kernel: Bluetooth: hci0: Applying Intel DDC parameters completed
Nov 20 14:32:16 saitama NetworkManager[369]: <info>  [1542717136.3589] bluez5: NAP: added interface 00:28:F8:54:16:58
Nov 20 14:32:17 saitama lightdm[695]: pam_unix(lightdm-greeter:session): session opened for user lightdm by (uid=0)
Nov 20 14:32:17 saitama systemd[1]: Created slice system-user\x2druntime\x2ddir.slice.
Nov 20 14:32:17 saitama systemd[1]: Started /run/user/620 mount wrapper.
